Archive member included to satisfy reference by file (symbol)

e:/mounriver/mounriver_studio2/resources/app/resources/win32/components/wch/toolchain/risc-v embedded gcc/bin/../lib/gcc/riscv-none-embed/8.2.0/../../../../riscv-none-embed/lib/rv32imacxw/ilp32\libm.a(lib_a-w_asin.o)
                              ./Driver/mpu6050/mpu6050_DMP.o (asin)
e:/mounriver/mounriver_studio2/resources/app/resources/win32/components/wch/toolchain/risc-v embedded gcc/bin/../lib/gcc/riscv-none-embed/8.2.0/../../../../riscv-none-embed/lib/rv32imacxw/ilp32\libm.a(lib_a-w_atan2.o)
                              ./Driver/mpu6050/mpu6050_DMP.o (atan2)
e:/mounriver/mounriver_studio2/resources/app/resources/win32/components/wch/toolchain/risc-v embedded gcc/bin/../lib/gcc/riscv-none-embed/8.2.0/../../../../riscv-none-embed/lib/rv32imacxw/ilp32\libm.a(lib_a-e_asin.o)
                              e:/mounriver/mounriver_studio2/resources/app/resources/win32/components/wch/toolchain/risc-v embedded gcc/bin/../lib/gcc/riscv-none-embed/8.2.0/../../../../riscv-none-embed/lib/rv32imacxw/ilp32\libm.a(lib_a-w_asin.o) (__ieee754_asin)
e:/mounriver/mounriver_studio2/resources/app/resources/win32/components/wch/toolchain/risc-v embedded gcc/bin/../lib/gcc/riscv-none-embed/8.2.0/../../../../riscv-none-embed/lib/rv32imacxw/ilp32\libm.a(lib_a-e_atan2.o)
                              e:/mounriver/mounriver_studio2/resources/app/resources/win32/components/wch/toolchain/risc-v embedded gcc/bin/../lib/gcc/riscv-none-embed/8.2.0/../../../../riscv-none-embed/lib/rv32imacxw/ilp32\libm.a(lib_a-w_atan2.o) (__ieee754_atan2)
e:/mounriver/mounriver_studio2/resources/app/resources/win32/components/wch/toolchain/risc-v embedded gcc/bin/../lib/gcc/riscv-none-embed/8.2.0/../../../../riscv-none-embed/lib/rv32imacxw/ilp32\libm.a(lib_a-e_sqrt.o)
                              e:/mounriver/mounriver_studio2/resources/app/resources/win32/components/wch/toolchain/risc-v embedded gcc/bin/../lib/gcc/riscv-none-embed/8.2.0/../../../../riscv-none-embed/lib/rv32imacxw/ilp32\libm.a(lib_a-e_asin.o) (__ieee754_sqrt)
e:/mounriver/mounriver_studio2/resources/app/resources/win32/components/wch/toolchain/risc-v embedded gcc/bin/../lib/gcc/riscv-none-embed/8.2.0/../../../../riscv-none-embed/lib/rv32imacxw/ilp32\libm.a(lib_a-s_atan.o)
                              e:/mounriver/mounriver_studio2/resources/app/resources/win32/components/wch/toolchain/risc-v embedded gcc/bin/../lib/gcc/riscv-none-embed/8.2.0/../../../../riscv-none-embed/lib/rv32imacxw/ilp32\libm.a(lib_a-e_atan2.o) (atan)
e:/mounriver/mounriver_studio2/resources/app/resources/win32/components/wch/toolchain/risc-v embedded gcc/bin/../lib/gcc/riscv-none-embed/8.2.0/../../../../riscv-none-embed/lib/rv32imacxw/ilp32\libm.a(lib_a-s_fabs.o)
                              e:/mounriver/mounriver_studio2/resources/app/resources/win32/components/wch/toolchain/risc-v embedded gcc/bin/../lib/gcc/riscv-none-embed/8.2.0/../../../../riscv-none-embed/lib/rv32imacxw/ilp32\libm.a(lib_a-w_asin.o) (fabs)
e:/mounriver/mounriver_studio2/resources/app/resources/win32/components/wch/toolchain/risc-v embedded gcc/bin/../lib/gcc/riscv-none-embed/8.2.0/../../../../riscv-none-embed/lib/rv32imacxw/ilp32\libm.a(lib_a-s_lib_ver.o)
                              e:/mounriver/mounriver_studio2/resources/app/resources/win32/components/wch/toolchain/risc-v embedded gcc/bin/../lib/gcc/riscv-none-embed/8.2.0/../../../../riscv-none-embed/lib/rv32imacxw/ilp32\libm.a(lib_a-w_asin.o) (__fdlib_version)
e:/mounriver/mounriver_studio2/resources/app/resources/win32/components/wch/toolchain/risc-v embedded gcc/bin/../lib/gcc/riscv-none-embed/8.2.0/../../../../riscv-none-embed/lib/rv32imacxw/ilp32\libm.a(lib_a-s_matherr.o)
                              e:/mounriver/mounriver_studio2/resources/app/resources/win32/components/wch/toolchain/risc-v embedded gcc/bin/../lib/gcc/riscv-none-embed/8.2.0/../../../../riscv-none-embed/lib/rv32imacxw/ilp32\libm.a(lib_a-w_asin.o) (matherr)
e:/mounriver/mounriver_studio2/resources/app/resources/win32/components/wch/toolchain/risc-v embedded gcc/bin/../lib/gcc/riscv-none-embed/8.2.0/../../../../riscv-none-embed/lib/rv32imacxw/ilp32\libm.a(lib_a-s_nan.o)
                              e:/mounriver/mounriver_studio2/resources/app/resources/win32/components/wch/toolchain/risc-v embedded gcc/bin/../lib/gcc/riscv-none-embed/8.2.0/../../../../riscv-none-embed/lib/rv32imacxw/ilp32\libm.a(lib_a-w_asin.o) (nan)
e:/mounriver/mounriver_studio2/resources/app/resources/win32/components/wch/toolchain/risc-v embedded gcc/bin/../lib/gcc/riscv-none-embed/8.2.0/rv32imacxw/ilp32\libgcc.a(_divdi3.o)
                              ./Driver/mpu6050/inv_mpu.o (__divdi3)
e:/mounriver/mounriver_studio2/resources/app/resources/win32/components/wch/toolchain/risc-v embedded gcc/bin/../lib/gcc/riscv-none-embed/8.2.0/rv32imacxw/ilp32\libgcc.a(adddf3.o)
[...]
Memory Configuration

Name             Origin             Length             Attributes
FLASH            0x0000000000000000 0x0000000000048000 xr
RAM              0x0000000020000000 0x0000000000008000 xrw
*default*        0x0000000000000000 0xffffffffffffffff

Linker script and memory map

LOAD ./User/ch32v30x_it.o
LOAD ./User/main.o
LOAD ./User/system_ch32v30x.o
LOAD ./Startup/startup_ch32v30x_D8C.o
LOAD ./Peripheral/src/ch32v30x_adc.o
LOAD ./Peripheral/src/ch32v30x_bkp.o
LOAD ./Peripheral/src/ch32v30x_can.o
LOAD ./Peripheral/src/ch32v30x_crc.o
LOAD ./Peripheral/src/ch32v30x_dac.o
LOAD ./Peripheral/src/ch32v30x_dbgmcu.o
LOAD ./Peripheral/src/ch32v30x_dma.o
LOAD ./Peripheral/src/ch32v30x_dvp.o
LOAD ./Peripheral/src/ch32v30x_eth.o
LOAD ./Peripheral/src/ch32v30x_exti.o
LOAD ./Peripheral/src/ch32v30x_flash.o
LOAD ./Peripheral/src/ch32v30x_fsmc.o
LOAD ./Peripheral/src/ch32v30x_gpio.o
LOAD ./Peripheral/src/ch32v30x_i2c.o
LOAD ./Peripheral/src/ch32v30x_iwdg.o
LOAD ./Peripheral/src/ch32v30x_misc.o
LOAD ./Peripheral/src/ch32v30x_opa.o
LOAD ./Peripheral/src/ch32v30x_pwr.o
LOAD ./Peripheral/src/ch32v30x_rcc.o
LOAD ./Peripheral/src/ch32v30x_rng.o
LOAD ./Peripheral/src/ch32v30x_rtc.o
LOAD ./Peripheral/src/ch32v30x_sdio.o
LOAD ./Peripheral/src/ch32v30x_spi.o
LOAD ./Peripheral/src/ch32v30x_tim.o
LOAD ./Peripheral/src/ch32v30x_usart.o
LOAD ./Peripheral/src/ch32v30x_wwdg.o
LOAD ./Driver/mpu6050/Soft_I2C.o
LOAD ./Driver/mpu6050/inv_mpu.o
LOAD ./Driver/mpu6050/inv_mpu_dmp_motion_driver.o
LOAD ./Driver/mpu6050/mpu6050.o
LOAD ./Driver/mpu6050/mpu6050_DMP.o
LOAD ./Driver/timer.o
LOAD ./Debug/debug.o
LOAD ./Core/core_riscv.o
LOAD e:/mounriver/mounriver_studio2/resources/app/resources/win32/components/wch/toolchain/risc-v embedded gcc/bin/../lib/gcc/riscv-none-embed/8.2.0/../../../../riscv-none-embed/lib/rv32imacxw/ilp32\libm.a
LOAD e:/mounriver/mounriver_studio2/resources/app/resources/win32/components/wch/toolchain/risc-v embedded gcc/bin/../lib/gcc/riscv-none-embed/8.2.0/rv32imacxw/ilp32\libgcc.a
LOAD e:/mounriver/mounriver_studio2/resources/app/resources/win32/components/wch/toolchain/risc-v embedded gcc/bin/../lib/gcc/riscv-none-embed/8.2.0/../../../../riscv-none-embed/lib/rv32imacxw/ilp32\libg_nano.a
LOAD e:/mounriver/mounriver_studio2/resources/app/resources/win32/components/wch/toolchain/risc-v embedded gcc/bin/../lib/gcc/riscv-none-embed/8.2.0/../../../../riscv-none-embed/lib/rv32imacxw/ilp32\libc_nano.a
LOAD e:/mounriver/mounriver_studio2/resources/app/resources/win32/components/wch/toolchain/risc-v embedded gcc/bin/../lib/gcc/riscv-none-embed/8.2.0/rv32imacxw/ilp32\libgcc.a
START GROUP
LOAD e:/mounriver/mounriver_studio2/resources/app/resources/win32/components/wch/toolchain/risc-v embedded gcc/bin/../lib/gcc/riscv-none-embed/8.2.0/rv32imacxw/ilp32\libgcc.a
LOAD e:/mounriver/mounriver_studio2/resources/app/resources/win32/components/wch/toolchain/risc-v embedded gcc/bin/../lib/gcc/riscv-none-embed/8.2.0/../../../../riscv-none-embed/lib/rv32imacxw/ilp32\libc_nano.a
LOAD e:/mounriver/mounriver_studio2/resources/app/resources/win32/components/wch/toolchain/risc-v embedded gcc/bin/../lib/gcc/riscv-none-embed/8.2.0/../../../../riscv-none-embed/lib/rv32imacxw/ilp32\libnosys.a
END GROUP
START GROUP
LOAD e:/mounriver/mounriver_studio2/resources/app/resources/win32/components/wch/toolchain/risc-v embedded gcc/bin/../lib/gcc/riscv-none-embed/8.2.0/rv32imacxw/ilp32\libgcc.a
LOAD e:/mounriver/mounriver_studio2/resources/app/resources/win32/components/wch/toolchain/risc-v embedded gcc/bin/../lib/gcc/riscv-none-embed/8.2.0/../../../../riscv-none-embed/lib/rv32imacxw/ilp32\libc_nano.a
LOAD e:/mounriver/mounriver_studio2/resources/app/resources/win32/components/wch/toolchain/risc-v embedded gcc/bin/../lib/gcc/riscv-none-embed/8.2.0/../../../../riscv-none-embed/lib/rv32imacxw/ilp32\libnosys.a
END GROUP
                0x0000000000000800                __stack_size = 0x800
                [!provide]                        PROVIDE (_stack_size = __stack_size)

.init           0x0000000000000000        0x4
                0x0000000000000000                _sinit = .
                0x0000000000000000                . = ALIGN (0x4)
 *(SORT_NONE(.init))
 .init          0x0000000000000000        0x4 ./Startup/startup_ch32v30x_D8C.o
                0x0000000000000000                _start
                0x0000000000000004                . = ALIGN (0x4)
                0x0000000000000004                _einit = .

.vector         0x0000000000000004      0x1bc
 *(.vector)
 .vector        0x0000000000000004      0x1a0 ./Startup/startup_ch32v30x_D8C.o
                0x00000000000001c0                . = ALIGN (0x40)
 *fill*         0x00000000000001a4       0x1c 

.text           0x00000000000001c0     0x8714
                0x00000000000001c0                . = ALIGN (0x4)
 *(.text)
 .text          0x00000000000001c0       0x60 e:/mounriver/mounriver_studio2/resources/app/resources/win32/components/wch/toolchain/risc-v embedded gcc/bin/../lib/gcc/riscv-none-embed/8.2.0/rv32imacxw/ilp32\libgcc.a(save-restore.o)
                0x00000000000001c0                __riscv_save_12
                0x00000000000001c8                __riscv_save_9
                0x00000000000001c8                __riscv_save_11
                0x00000000000001c8                __riscv_save_10
                0x00000000000001c8                __riscv_save_8
                0x00000000000001d6                __riscv_save_4
                0x00000000000001d6                __riscv_save_6
                0x00000000000001d6                __riscv_save_5
                0x00000000000001d6                __riscv_save_7
                0x00000000000001f0                __riscv_save_3
                0x00000000000001f0                __riscv_save_2
                0x00000000000001f0                __riscv_save_1
                0x00000000000001f0                __riscv_save_0
                0x00000000000001fc                __riscv_restore_12
                0x0000000000000200                __riscv_restore_11
                0x0000000000000200                __riscv_restore_9
                0x0000000000000200                __riscv_restore_10
                0x0000000000000200                __riscv_restore_8
                0x000000000000020a                __riscv_restore_5
                0x000000000000020a                __riscv_restore_7
                0x000000000000020a                __riscv_restore_6
                0x000000000000020a                __riscv_restore_4
                0x0000000000000214                __riscv_restore_3
                0x0000000000000214                __riscv_restore_0
                0x0000000000000214                __riscv_restore_2
                0x0000000000000214                __riscv_restore_1
 .text          0x0000000000000220       0xa8 e:/mounriver/mounriver_studio2/resources/app/resources/win32/components/wch/toolchain/risc-v embedded gcc/bin/../lib/gcc/riscv-none-embed/8.2.0/../../../../riscv-none-embed/lib/rv32imacxw/ilp32\libg_nano.a(lib_a-memset.o)
                0x0000000000000220                memset
 *(.text.*)
 .text.NMI_Handler
                0x00000000000002c8        0x2 ./User/ch32v30x_it.o
                0x00000000000002c8                NMI_Handler
 .text.HardFault_Handler
                0x00000000000002ca       0x10 ./User/ch32v30x_it.o
                0x00000000000002ca                HardFault_Handler
 .text.GPIO_Toggle_INIT
                0x00000000000002da       0x3a ./User/main.o
                0x00000000000002da                GPIO_Toggle_INIT
 .text.TIM3_IRQHandler
                0x0000000000000314       0x28 ./User/main.o
                0x0000000000000314                TIM3_IRQHandler
 .text.scheduler_run
                0x000000000000033c       0x3c ./User/main.o
                0x000000000000033c                scheduler_run
 .text.startup.main
                0x0000000000000378       0x5a ./User/main.o
                0x0000000000000378                main
 .text.SystemInit
                0x00000000000003d2       0xfa ./User/system_ch32v30x.o
                0x00000000000003d2                SystemInit
 .text.SystemCoreClockUpdate
                0x00000000000004cc      0x12e ./User/system_ch32v30x.o
                0x00000000000004cc                SystemCoreClockUpdate
 .text.vector_handler
                0x00000000000005fa        0x2 ./Startup/startup_ch32v30x_D8C.o
                0x00000000000005fa                EXTI2_IRQHandler
                0x00000000000005fa                TIM8_TRG_COM_IRQHandler
                0x00000000000005fa                TIM8_CC_IRQHandler
                0x00000000000005fa                UART8_IRQHandler
                0x00000000000005fa                TIM1_CC_IRQHandler
                0x00000000000005fa                TIM6_IRQHandler
                0x00000000000005fa                SysTick_Handler
                0x00000000000005fa                PVD_IRQHandler
                0x00000000000005fa                SDIO_IRQHandler
                0x00000000000005fa                TIM9_BRK_IRQHandler
                0x00000000000005fa                DMA2_Channel8_IRQHandler
                0x00000000000005fa                CAN2_RX1_IRQHandler
                0x00000000000005fa                EXTI3_IRQHandler
                0x00000000000005fa                USBHS_IRQHandler
                0x00000000000005fa                DMA2_Channel9_IRQHandler
                0x00000000000005fa                TIM10_CC_IRQHandler
                0x00000000000005fa                USBFS_IRQHandler
                0x00000000000005fa                EXTI0_IRQHandler
                0x00000000000005fa                I2C2_EV_IRQHandler
                0x00000000000005fa                TIM10_TRG_COM_IRQHandler
                0x00000000000005fa                CAN2_SCE_IRQHandler
                0x00000000000005fa                ADC1_2_IRQHandler
                0x00000000000005fa                Break_Point_Handler
                0x00000000000005fa                SPI1_IRQHandler
                0x00000000000005fa                TAMPER_IRQHandler
                0x00000000000005fa                CAN2_RX0_IRQHandler
                0x00000000000005fa                TIM8_UP_IRQHandler
                0x00000000000005fa                Ecall_M_Mode_Handler
                0x00000000000005fa                DMA2_Channel2_IRQHandler
                0x00000000000005fa                DMA1_Channel4_IRQHandler
                0x00000000000005fa                TIM9_UP_IRQHandler
                0x00000000000005fa                USART3_IRQHandler
                0x00000000000005fa                RTC_IRQHandler
                0x00000000000005fa                DMA1_Channel7_IRQHandler
                0x00000000000005fa                CAN1_RX1_IRQHandler
                0x00000000000005fa                DVP_IRQHandler
                0x00000000000005fa                UART5_IRQHandler
                0x00000000000005fa                TIM4_IRQHandler
                0x00000000000005fa                DMA2_Channel1_IRQHandler
                0x00000000000005fa                I2C1_EV_IRQHandler
                0x00000000000005fa                DMA1_Channel6_IRQHandler
                0x00000000000005fa                UART4_IRQHandler
                0x00000000000005fa                DMA2_Channel4_IRQHandler
                0x00000000000005fa                RCC_IRQHandler
                0x00000000000005fa                TIM1_TRG_COM_IRQHandler
                0x00000000000005fa                DMA1_Channel1_IRQHandler
                0x00000000000005fa                DMA2_Channel7_IRQHandler
                0x00000000000005fa                EXTI15_10_IRQHandler
                0x00000000000005fa                TIM7_IRQHandler
                0x00000000000005fa                CAN2_TX_IRQHandler
                0x00000000000005fa                TIM5_IRQHandler
                0x00000000000005fa                EXTI9_5_IRQHandler
                0x00000000000005fa                ETH_WKUP_IRQHandler
                0x00000000000005fa                SPI2_IRQHandler
                0x00000000000005fa                TIM10_BRK_IRQHandler
                0x00000000000005fa                TIM9_CC_IRQHandler
                0x00000000000005fa                DMA2_Channel5_IRQHandler
                0x00000000000005fa                DMA1_Channel5_IRQHandler
                0x00000000000005fa                EXTI4_IRQHandler
                0x00000000000005fa                USB_LP_CAN1_RX0_IRQHandler
                0x00000000000005fa                RNG_IRQHandler
                0x00000000000005fa                USB_HP_CAN1_TX_IRQHandler
                0x00000000000005fa                DMA1_Channel3_IRQHandler
                0x00000000000005fa                ETH_IRQHandler
                0x00000000000005fa                TIM1_UP_IRQHandler
                0x00000000000005fa                WWDG_IRQHandler
                0x00000000000005fa                USBHSWakeup_IRQHandler
                0x00000000000005fa                DMA2_Channel11_IRQHandler
                0x00000000000005fa                Ecall_U_Mode_Handler
                0x00000000000005fa                DMA2_Channel6_IRQHandler
                0x00000000000005fa                TIM2_IRQHandler
                0x00000000000005fa                SW_Handler
                0x00000000000005fa                TIM1_BRK_IRQHandler
                0x00000000000005fa                DMA2_Channel10_IRQHandler
                0x00000000000005fa                EXTI1_IRQHandler
                0x00000000000005fa                RTCAlarm_IRQHandler
                0x00000000000005fa                TIM10_UP_IRQHandler
                0x00000000000005fa                TIM9_TRG_COM_IRQHandler
                0x00000000000005fa                UART7_IRQHandler
                0x00000000000005fa                USART2_IRQHandler
                0x00000000000005fa                UART6_IRQHandler
                0x00000000000005fa                I2C2_ER_IRQHandler
                0x00000000000005fa                DMA1_Channel2_IRQHandler
                0x00000000000005fa                TIM8_BRK_IRQHandler
                0x00000000000005fa                CAN1_SCE_IRQHandler
                0x00000000000005fa                FLASH_IRQHandler
                0x00000000000005fa                USART1_IRQHandler
                0x00000000000005fa                SPI3_IRQHandler
                0x00000000000005fa                I2C1_ER_IRQHandler
                0x00000000000005fa                USBWakeUp_IRQHandler
                0x00000000000005fa                DMA2_Channel3_IRQHandler
 .text.handle_reset
                0x00000000000005fc       0x8a ./Startup/startup_ch32v30x_D8C.o
                0x00000000000005fc                handle_reset
 .text.GPIO_Init
                0x0000000000000686       0xc0 ./Peripheral/src/ch32v30x_gpio.o
                0x0000000000000686                GPIO_Init
 .text.GPIO_ReadInputDataBit
                0x0000000000000746        0xa ./Peripheral/src/ch32v30x_gpio.o
                0x0000000000000746                GPIO_ReadInputDataBit
 .text.GPIO_SetBits
                0x0000000000000750        0x4 ./Peripheral/src/ch32v30x_gpio.o
                0x0000000000000750                GPIO_SetBits
 .text.GPIO_ResetBits
                0x0000000000000754        0x4 ./Peripheral/src/ch32v30x_gpio.o
                0x0000000000000754                GPIO_ResetBits
 .text.NVIC_PriorityGroupConfig
                0x0000000000000758        0x6 ./Peripheral/src/ch32v30x_misc.o
                0x0000000000000758                NVIC_PriorityGroupConfig
 .text.NVIC_Init
                0x000000000000075e       0x5c ./Peripheral/src/ch32v30x_misc.o
                0x000000000000075e                NVIC_Init
 .text.RCC_GetClocksFreq
                0x00000000000007ba      0x176 ./Peripheral/src/ch32v30x_rcc.o
                0x00000000000007ba                RCC_GetClocksFreq
 .text.RCC_APB2PeriphClockCmd
                0x0000000000000930       0x1e ./Peripheral/src/ch32v30x_rcc.o
                0x0000000000000930                RCC_APB2PeriphClockCmd
 .text.RCC_APB1PeriphClockCmd
                0x000000000000094e       0x1e ./Peripheral/src/ch32v30x_rcc.o
                0x000000000000094e                RCC_APB1PeriphClockCmd
 .text.TIM_TimeBaseInit
                0x000000000000096c       0xaa ./Peripheral/src/ch32v30x_tim.o
                0x000000000000096c                TIM_TimeBaseInit
 .text.TIM_Cmd  0x0000000000000a16       0x18 ./Peripheral/src/ch32v30x_tim.o
                0x0000000000000a16                TIM_Cmd
 .text.TIM_ITConfig
                0x0000000000000a2e       0x12 ./Peripheral/src/ch32v30x_tim.o
                0x0000000000000a2e                TIM_ITConfig
 .text.TIM_GetITStatus
                0x0000000000000a40       0x18 ./Peripheral/src/ch32v30x_tim.o
                0x0000000000000a40                TIM_GetITStatus
 .text.TIM_ClearITPendingBit
                0x0000000000000a58        0xc ./Peripheral/src/ch32v30x_tim.o
                0x0000000000000a58                TIM_ClearITPendingBit
 .text.USART_Init
                0x0000000000000a64       0x8e ./Peripheral/src/ch32v30x_usart.o
                0x0000000000000a64                USART_Init
 .text.USART_Cmd
                0x0000000000000af2       0x16 ./Peripheral/src/ch32v30x_usart.o
                0x0000000000000af2                USART_Cmd
 .text.USART_SendData
                0x0000000000000b08        0x8 ./Peripheral/src/ch32v30x_usart.o
                0x0000000000000b08                USART_SendData
 .text.USART_GetFlagStatus
                0x0000000000000b10        0xa ./Peripheral/src/ch32v30x_usart.o
                0x0000000000000b10                USART_GetFlagStatus
 .text.SOFT_I2C_R_SDA
                0x0000000000000b1a       0x1a ./Driver/mpu6050/Soft_I2C.o
                0x0000000000000b1a                SOFT_I2C_R_SDA
 .text.RCCdelay_us
                0x0000000000000b34       0x1e ./Driver/mpu6050/Soft_I2C.o
                0x0000000000000b34                RCCdelay_us
 .text.SOFT_I2C_W_SCL
                0x0000000000000b52       0x2c ./Driver/mpu6050/Soft_I2C.o
                0x0000000000000b52                SOFT_I2C_W_SCL
 .text.SOFT_I2C_W_SDA
                0x0000000000000b7e       0x2e ./Driver/mpu6050/Soft_I2C.o
                0x0000000000000b7e                SOFT_I2C_W_SDA
 .text.SOFT_I2C_Start
                0x0000000000000bac       0x32 ./Driver/mpu6050/Soft_I2C.o
                0x0000000000000bac                SOFT_I2C_Start
 .text.SOFT_I2C_Stop
                0x0000000000000bde       0x24 ./Driver/mpu6050/Soft_I2C.o
                0x0000000000000bde                SOFT_I2C_Stop
 .text.SOFT_I2C_SendByte
                0x0000000000000c02       0x3c ./Driver/mpu6050/Soft_I2C.o
                0x0000000000000c02                SOFT_I2C_SendByte
 .text.SOFT_I2C_ReceiveByte
                0x0000000000000c3e       0x4a ./Driver/mpu6050/Soft_I2C.o
                0x0000000000000c3e                SOFT_I2C_ReceiveByte
 .text.SOFT_I2C_SendAck
                0x0000000000000c88       0x24 ./Driver/mpu6050/Soft_I2C.o
                0x0000000000000c88                SOFT_I2C_SendAck
 .text.SOFT_I2C_ReceiveAck
                0x0000000000000cac       0x2a ./Driver/mpu6050/Soft_I2C.o
                0x0000000000000cac                SOFT_I2C_ReceiveAck
 .text.set_int_enable
                0x0000000000000cd6       0x70 ./Driver/mpu6050/inv_mpu.o
 .text.mpu_reset_fifo
                0x0000000000000d46      0x150 ./Driver/mpu6050/inv_mpu.o
                0x0000000000000d46                mpu_reset_fifo
 .text.mpu_set_gyro_fsr
                0x0000000000000e96       0x7c ./Driver/mpu6050/inv_mpu.o
                0x0000000000000e96                mpu_set_gyro_fsr
 .text.mpu_get_accel_fsr
                0x0000000000000f12       0x46 ./Driver/mpu6050/inv_mpu.o
                0x0000000000000f12                mpu_get_accel_fsr
 .text.mpu_set_accel_fsr
                0x0000000000000f58       0x74 ./Driver/mpu6050/inv_mpu.o
                0x0000000000000f58                mpu_set_accel_fsr
 .text.mpu_set_lpf
                0x0000000000000fcc       0x7e ./Driver/mpu6050/inv_mpu.o
                0x0000000000000fcc                mpu_set_lpf
 .text.mpu_configure_fifo
                0x000000000000104a       0x52 ./Driver/mpu6050/inv_mpu.o
                0x000000000000104a                mpu_configure_fifo
 .text.mpu_read_fifo_stream
                0x000000000000109c       0x98 ./Driver/mpu6050/inv_mpu.o
                0x000000000000109c                mpu_read_fifo_stream
 .text.mpu_set_bypass
                0x0000000000001134       0xd8 ./Driver/mpu6050/inv_mpu.o
                0x0000000000001134                mpu_set_bypass
 .text.mpu_set_int_latched
                0x000000000000120c       0x62 ./Driver/mpu6050/inv_mpu.o
                0x000000000000120c                mpu_set_int_latched
 .text.mpu_lp_accel_mode
                0x000000000000126e       0xb0 ./Driver/mpu6050/inv_mpu.o
                0x000000000000126e                mpu_lp_accel_mode
 .text.mpu_set_sample_rate
                0x000000000000131e       0x98 ./Driver/mpu6050/inv_mpu.o
                0x000000000000131e                mpu_set_sample_rate
 .text.mpu_set_sensors
                0x00000000000013b6       0xbc ./Driver/mpu6050/inv_mpu.o
                0x00000000000013b6                mpu_set_sensors
 .text.mpu_init
                0x0000000000001472      0x148 ./Driver/mpu6050/inv_mpu.o
                0x0000000000001472                mpu_init
 .text.mpu_write_mem
                0x00000000000015ba       0x6a ./Driver/mpu6050/inv_mpu.o
                0x00000000000015ba                mpu_write_mem
 .text.mpu_read_mem
                0x0000000000001624       0x6a ./Driver/mpu6050/inv_mpu.o
                0x0000000000001624                mpu_read_mem
 .text.mpu_load_firmware
                0x000000000000168e       0xa8 ./Driver/mpu6050/inv_mpu.o
                0x000000000000168e                mpu_load_firmware
 .text.mpu_set_dmp_state
                0x0000000000001736       0x7e ./Driver/mpu6050/inv_mpu.o
                0x0000000000001736                mpu_set_dmp_state
 .text.dmp_enable_gyro_cal.part.0
                0x00000000000017b4       0x30 ./Driver/mpu6050/inv_mpu_dmp_motion_driver.o
 .text.dmp_load_motion_driver_firmware
                0x00000000000017e4       0x1e ./Driver/mpu6050/inv_mpu_dmp_motion_driver.o
                0x00000000000017e4                dmp_load_motion_driver_firmware
 .text.dmp_set_orientation
                0x0000000000001802       0xf2 ./Driver/mpu6050/inv_mpu_dmp_motion_driver.o
                0x0000000000001802                dmp_set_orientation
 .text.dmp_set_fifo_rate
                0x00000000000018f4       0x52 ./Driver/mpu6050/inv_mpu_dmp_motion_driver.o
                0x00000000000018f4                dmp_set_fifo_rate
 .text.dmp_set_tap_thresh
                0x0000000000001946      0x18a ./Driver/mpu6050/inv_mpu_dmp_motion_driver.o
                0x0000000000001946                dmp_set_tap_thresh
 .text.dmp_set_tap_axes
                0x0000000000001ad0       0x46 ./Driver/mpu6050/inv_mpu_dmp_motion_driver.o
                0x0000000000001ad0                dmp_set_tap_axes
 .text.dmp_set_tap_count
                0x0000000000001b16       0x2e ./Driver/mpu6050/inv_mpu_dmp_motion_driver.o
                0x0000000000001b16                dmp_set_tap_count
 .text.dmp_set_tap_time
                0x0000000000001b44       0x28 ./Driver/mpu6050/inv_mpu_dmp_motion_driver.o
                0x0000000000001b44                dmp_set_tap_time
 .text.dmp_set_tap_time_multi
                0x0000000000001b6c       0x28 ./Driver/mpu6050/inv_mpu_dmp_motion_driver.o
                0x0000000000001b6c                dmp_set_tap_time_multi
 .text.dmp_set_shake_reject_thresh
                0x0000000000001b94       0x3e ./Driver/mpu6050/inv_mpu_dmp_motion_driver.o
                0x0000000000001b94                dmp_set_shake_reject_thresh
 .text.dmp_set_shake_reject_time
                0x0000000000001bd2       0x28 ./Driver/mpu6050/inv_mpu_dmp_motion_driver.o
                0x0000000000001bd2                dmp_set_shake_reject_time
 .text.dmp_set_shake_reject_timeout
                0x0000000000001bfa       0x28 ./Driver/mpu6050/inv_mpu_dmp_motion_driver.o
                0x0000000000001bfa                dmp_set_shake_reject_timeout
 .text.dmp_get_pedometer_step_count
                0x0000000000001c22       0x3c ./Driver/mpu6050/inv_mpu_dmp_motion_driver.o
                0x0000000000001c22                dmp_get_pedometer_step_count
 .text.dmp_enable_gyro_cal
                0x0000000000001c5e       0x2e ./Driver/mpu6050/inv_mpu_dmp_motion_driver.o
                0x0000000000001c5e                dmp_enable_gyro_cal
 .text.dmp_enable_lp_quat
                0x0000000000001c8c       0x34 ./Driver/mpu6050/inv_mpu_dmp_motion_driver.o
                0x0000000000001c8c                dmp_enable_lp_quat
 .text.dmp_enable_6x_lp_quat
                0x0000000000001cc0       0x34 ./Driver/mpu6050/inv_mpu_dmp_motion_driver.o
                0x0000000000001cc0                dmp_enable_6x_lp_quat
 .text.dmp_enable_feature
                0x0000000000001cf4      0x1c2 ./Driver/mpu6050/inv_mpu_dmp_motion_driver.o
                0x0000000000001cf4                dmp_enable_feature
 .text.dmp_read_fifo
                0x0000000000001eb6      0x1ba ./Driver/mpu6050/inv_mpu_dmp_motion_driver.o
                0x0000000000001eb6                dmp_read_fifo
 .text.MPU6050_WriteReg_HAL
                0x0000000000002070       0x6a ./Driver/mpu6050/mpu6050.o
                0x0000000000002070                MPU6050_WriteReg_HAL
 .text.MPU6050_ReadReg_HAL
                0x00000000000020da       0x86 ./Driver/mpu6050/mpu6050.o
                0x00000000000020da                MPU6050_ReadReg_HAL
 .text.MPU6050_ReadReg
                0x0000000000002160       0x46 ./Driver/mpu6050/mpu6050.o
                0x0000000000002160                MPU6050_ReadReg
 .text.MPU6050_GetID
                0x00000000000021a6        0xe ./Driver/mpu6050/mpu6050.o
                0x00000000000021a6                MPU6050_GetID
 .text.dmp_getwalk
                0x00000000000021b4       0x52 ./Driver/mpu6050/mpu6050.o
                0x00000000000021b4                dmp_getwalk
 .text.mpu6050_task
                0x0000000000002206       0x9e ./Driver/mpu6050/mpu6050.o
                0x0000000000002206                mpu6050_task
 .text.inv_row_2_scale
                0x00000000000022a4       0x30 ./Driver/mpu6050/mpu6050_DMP.o
 .text.MPU6050_DMP_init
                0x00000000000022d4      0x1b8 ./Driver/mpu6050/mpu6050_DMP.o
                0x00000000000022d4                MPU6050_DMP_init
 .text.MPU6050_DMP_Get_Data
                0x000000000000248c      0x1c4 ./Driver/mpu6050/mpu6050_DMP.o
                0x000000000000248c                MPU6050_DMP_Get_Data
 .text.Tim3_Init
                0x0000000000002650       0x5a ./Driver/timer.o
                0x0000000000002650                Tim3_Init
 .text.Delay_Init
                0x00000000000026aa       0x2a ./Debug/debug.o
                0x00000000000026aa                Delay_Init
 .text.Delay_Ms
                0x00000000000026d4       0x36 ./Debug/debug.o
                0x00000000000026d4                Delay_Ms
 .text.USART_Printf_Init
                0x000000000000270a       0x5a ./Debug/debug.o
                0x000000000000270a                USART_Printf_Init
 .text._write   0x0000000000002764       0x3e ./Debug/debug.o
                0x0000000000002764                _write
 .text._sbrk    0x00000000000027a2       0x26 ./Debug/debug.o
                0x00000000000027a2                _sbrk
 .text.asin     0x00000000000027c8       0xbe e:/mounriver/mounriver_studio2/resources/app/resources/win32/components/wch/toolchain/risc-v embedded gcc/bin/../lib/gcc/riscv-none-embed/8.2.0/../../../../riscv-none-embed/lib/rv32imacxw/ilp32\libm.a(lib_a-w_asin.o)
                0x00000000000027c8                asin
 .text.atan2    0x0000000000002886        0x2 e:/mounriver/mounriver_studio2/resources/app/resources/win32/components/wch/toolchain/risc-v embedded gcc/bin/../lib/gcc/riscv-none-embed/8.2.0/../../../../riscv-none-embed/lib/rv32imacxw/ilp32\libm.a(lib_a-w_atan2.o)
                0x0000000000002886                atan2
 .text.__ieee754_asin
                0x0000000000002888      0x466 e:/mounriver/mounriver_studio2/resources/app/resources/win32/components/wch/toolchain/risc-v embedded gcc/bin/../lib/gcc/riscv-none-embed/8.2.0/../../../../riscv-none-embed/lib/rv32imacxw/ilp32\libm.a(lib_a-e_asin.o)
                0x0000000000002888                __ieee754_asin
 .text.__ieee754_atan2
                0x0000000000002cee      0x1dc e:/mounriver/mounriver_studio2/resources/app/resources/win32/components/wch/toolchain/risc-v embedded gcc/bin/../lib/gcc/riscv-none-embed/8.2.0/../../../../riscv-none-embed/lib/rv32imacxw/ilp32\libm.a(lib_a-e_atan2.o)
                0x0000000000002cee                __ieee754_atan2
 .text.__ieee754_sqrt
                0x0000000000002eca      0x1d4 e:/mounriver/mounriver_studio2/resources/app/resources/win32/components/wch/toolchain/risc-v embedded gcc/bin/../lib/gcc/riscv-none-embed/8.2.0/../../../../riscv-none-embed/lib/rv32imacxw/ilp32\libm.a(lib_a-e_sqrt.o)
                0x0000000000002eca                __ieee754_sqrt
 .text.atan     0x000000000000309e      0x324 e:/mounriver/mounriver_studio2/resources/app/resources/win32/components/wch/toolchain/risc-v embedded gcc/bin/../lib/gcc/riscv-none-embed/8.2.0/../../../../riscv-none-embed/lib/rv32imacxw/ilp32\libm.a(lib_a-s_atan.o)
                0x000000000000309e                atan
 .text.fabs     0x00000000000033c2        0x6 e:/mounriver/mounriver_studio2/resources/app/resources/win32/components/wch/toolchain/risc-v embedded gcc/bin/../lib/gcc/riscv-none-embed/8.2.0/../../../../riscv-none-embed/lib/rv32imacxw/ilp32\libm.a(lib_a-s_fabs.o)
                0x00000000000033c2                fabs
 .text.matherr  0x00000000000033c8        0x4 e:/mounriver/mounriver_studio2/resources/app/resources/win32/components/wch/toolchain/risc-v embedded gcc/bin/../lib/gcc/riscv-none-embed/8.2.0/../../../../riscv-none-embed/lib/rv32imacxw/ilp32\libm.a(lib_a-s_matherr.o)
                0x00000000000033c8                matherr
 .text.nan      0x00000000000033cc        0xe e:/mounriver/mounriver_studio2/resources/app/resources/win32/components/wch/toolchain/risc-v embedded gcc/bin/../lib/gcc/riscv-none-embed/8.2.0/../../../../riscv-none-embed/lib/rv32imacxw/ilp32\libm.a(lib_a-s_nan.o)
                0x00000000000033cc                nan
 .text.__adddf3
                0x00000000000033da      0x730 e:/mounriver/mounriver_studio2/resources/app/resources/win32/components/wch/toolchain/risc-v embedded gcc/bin/../lib/gcc/riscv-none-embed/8.2.0/rv32imacxw/ilp32\libgcc.a(adddf3.o)
                0x00000000000033da                __adddf3
 .text.__divdf3
                0x0000000000003b0a      0x5b4 e:/mounriver/mounriver_studio2/resources/app/resources/win32/components/wch/toolchain/risc-v embedded gcc/bin/../lib/gcc/riscv-none-embed/8.2.0/rv32imacxw/ilp32\libgcc.a(divdf3.o)
                0x0000000000003b0a                __divdf3
 .text.__gedf2  0x00000000000040be       0xae e:/mounriver/mounriver_studio2/resources/app/resources/win32/components/wch/toolchain/risc-v embedded gcc/bin/../lib/gcc/riscv-none-embed/8.2.0/rv32imacxw/ilp32\libgcc.a(gedf2.o)
                0x00000000000040be                __gedf2
                0x00000000000040be                __gtdf2
 .text.__muldf3
                0x000000000000416c      0x4b8 e:/mounriver/mounriver_studio2/resources/app/resources/win32/components/wch/toolchain/risc-v embedded gcc/bin/../lib/gcc/riscv-none-embed/8.2.0/rv32imacxw/ilp32\libgcc.a(muldf3.o)
                0x000000000000416c                __muldf3
 .text.__subdf3
                0x0000000000004624      0x73e e:/mounriver/mounriver_studio2/resources/app/resources/win32/components/wch/toolchain/risc-v embedded gcc/bin/../lib/gcc/riscv-none-embed/8.2.0/rv32imacxw/ilp32\libgcc.a(subdf3.o)
                0x0000000000004624                __subdf3
 .text.__unorddf2
                0x0000000000004d62       0x3c e:/mounriver/mounriver_studio2/resources/app/resources/win32/components/wch/toolchain/risc-v embedded gcc/bin/../lib/gcc/riscv-none-embed/8.2.0/rv32imacxw/ilp32\libgcc.a(unorddf2.o)
                0x0000000000004d62                __unorddf2
 .text.__addsf3
                0x0000000000004d9e      0x36a e:/mounriver/mounriver_studio2/resources/app/resources/win32/components/wch/toolchain/risc-v embedded gcc/bin/../lib/gcc/riscv-none-embed/8.2.0/rv32imacxw/ilp32\libgcc.a(addsf3.o)
                0x0000000000004d9e                __addsf3
 .text.__divsf3
                0x0000000000005108      0x2b2 e:/mounriver/mounriver_studio2/resources/app/resources/win32/components/wch/toolchain/risc-v embedded gcc/bin/../lib/gcc/riscv-none-embed/8.2.0/rv32imacxw/ilp32\libgcc.a(divsf3.o)
                0x0000000000005108                __divsf3
 .text.__mulsf3
                0x00000000000053ba      0x294 e:/mounriver/mounriver_studio2/resources/app/resources/win32/components/wch/toolchain/risc-v embedded gcc/bin/../lib/gcc/riscv-none-embed/8.2.0/rv32imacxw/ilp32\libgcc.a(mulsf3.o)
                0x00000000000053ba                __mulsf3
 .text.__subsf3
                0x000000000000564e      0x388 e:/mounriver/mounriver_studio2/resources/app/resources/win32/components/wch/toolchain/risc-v embedded gcc/bin/../lib/gcc/riscv-none-embed/8.2.0/rv32imacxw/ilp32\libgcc.a(subsf3.o)
                0x000000000000564e                __subsf3
 .text.__fixsfsi
                0x00000000000059d6       0x62 e:/mounriver/mounriver_studio2/resources/app/resources/win32/components/wch/toolchain/risc-v embedded gcc/bin/../lib/gcc/riscv-none-embed/8.2.0/rv32imacxw/ilp32\libgcc.a(fixsfsi.o)
                0x00000000000059d6                __fixsfsi
 .text.__fixunssfsi
                0x0000000000005a38       0x56 e:/mounriver/mounriver_studio2/resources/app/resources/win32/components/wch/toolchain/risc-v embedded gcc/bin/../lib/gcc/riscv-none-embed/8.2.0/rv32imacxw/ilp32\libgcc.a(fixunssfsi.o)
                0x0000000000005a38                __fixunssfsi
 .text.__floatsisf
                0x0000000000005a8e       0xc6 e:/mounriver/mounriver_studio2/resources/app/resources/win32/components/wch/toolchain/risc-v embedded gcc/bin/../lib/gcc/riscv-none-embed/8.2.0/rv32imacxw/ilp32\libgcc.a(floatsisf.o)
                0x0000000000005a8e                __floatsisf
 .text.__floatunsisf
                0x0000000000005b54       0xce e:/mounriver/mounriver_studio2/resources/app/resources/win32/components/wch/toolchain/risc-v embedded gcc/bin/../lib/gcc/riscv-none-embed/8.2.0/rv32imacxw/ilp32\libgcc.a(floatunsisf.o)
                0x0000000000005b54                __floatunsisf
 .text.__extendsfdf2
                0x0000000000005c22       0xac e:/mounriver/mounriver_studio2/resources/app/resources/win32/components/wch/toolchain/risc-v embedded gcc/bin/../lib/gcc/riscv-none-embed/8.2.0/rv32imacxw/ilp32\libgcc.a(extendsfdf2.o)
                0x0000000000005c22                __extendsfdf2
 .text.__truncdfsf2
                0x0000000000005cce      0x16a e:/mounriver/mounriver_studio2/resources/app/resources/win32/components/wch/toolchain/risc-v embedded gcc/bin/../lib/gcc/riscv-none-embed/8.2.0/rv32imacxw/ilp32\libgcc.a(truncdfsf2.o)
                0x0000000000005cce                __truncdfsf2
 .text.__clzsi2
                0x0000000000005e38       0x6e e:/mounriver/mounriver_studio2/resources/app/resources/win32/components/wch/toolchain/risc-v embedded gcc/bin/../lib/gcc/riscv-none-embed/8.2.0/rv32imacxw/ilp32\libgcc.a(_clzsi2.o)
                0x0000000000005e38                __clzsi2
 .text.__errno  0x0000000000005ea6        0x8 e:/mounriver/mounriver_studio2/resources/app/resources/win32/components/wch/toolchain/risc-v embedded gcc/bin/../lib/gcc/riscv-none-embed/8.2.0/../../../../riscv-none-embed/lib/rv32imacxw/ilp32\libg_nano.a(lib_a-errno.o)
                0x0000000000005ea6                __errno
 .text.memcmp   0x0000000000005eae       0x24 e:/mounriver/mounriver_studio2/resources/app/resources/win32/components/wch/toolchain/risc-v embedded gcc/bin/../lib/gcc/riscv-none-embed/8.2.0/../../../../riscv-none-embed/lib/rv32imacxw/ilp32\libg_nano.a(lib_a-memcmp.o)
                0x0000000000005eae                memcmp
 .text.memcpy   0x0000000000005ed2       0xb2 e:/mounriver/mounriver_studio2/resources/app/resources/win32/components/wch/toolchain/risc-v embedded gcc/bin/../lib/gcc/riscv-none-embed/8.2.0/../../../../riscv-none-embed/lib/rv32imacxw/ilp32\libg_nano.a(lib_a-memcpy.o)
                0x0000000000005ed2                memcpy
 .text.printf   0x0000000000005f84       0x40 e:/mounriver/mounriver_studio2/resources/app/resources/win32/components/wch/toolchain/risc-v embedded gcc/bin/../lib/gcc/riscv-none-embed/8.2.0/../../../../riscv-none-embed/lib/rv32imacxw/ilp32\libg_nano.a(lib_a-printf.o)
                0x0000000000005f84                iprintf
                0x0000000000005f84                printf
 .text._puts_r  0x0000000000005fc4       0xd4 e:/mounriver/mounriver_studio2/resources/app/resources/win32/components/wch/toolchain/risc-v embedded gcc/bin/../lib/gcc/riscv-none-embed/8.2.0/../../../../riscv-none-embed/lib/rv32imacxw/ilp32\libg_nano.a(lib_a-puts.o)
                0x0000000000005fc4                _puts_r
 .text.puts     0x0000000000006098        0xc e:/mounriver/mounriver_studio2/resources/app/resources/win32/components/wch/toolchain/risc-v embedded gcc/bin/../lib/gcc/riscv-none-embed/8.2.0/../../../../riscv-none-embed/lib/rv32imacxw/ilp32\libg_nano.a(lib_a-puts.o)
                0x0000000000006098                puts
 .text.sprintf  0x00000000000060a4       0x46 e:/mounriver/mounriver_studio2/resources/app/resources/win32/components/wch/toolchain/risc-v embedded gcc/bin/../lib/gcc/riscv-none-embed/8.2.0/../../../../riscv-none-embed/lib/rv32imacxw/ilp32\libg_nano.a(lib_a-sprintf.o)
                0x00000000000060a4                siprintf
                0x00000000000060a4                sprintf
 .text.__swbuf_r
                0x00000000000060ea       0xbc e:/mounriver/mounriver_studio2/resources/app/resources/win32/components/wch/toolchain/risc-v embedded gcc/bin/../lib/gcc/riscv-none-embed/8.2.0/../../../../riscv-none-embed/lib/rv32imacxw/ilp32\libg_nano.a(lib_a-wbuf.o)
                0x00000000000060ea                __swbuf_r
 .text.__swsetup_r
                0x00000000000061a6       0xfc e:/mounriver/mounriver_studio2/resources/app/resources/win32/components/wch/toolchain/risc-v embedded gcc/bin/../lib/gcc/riscv-none-embed/8.2.0/../../../../riscv-none-embed/lib/rv32imacxw/ilp32\libg_nano.a(lib_a-wsetup.o)
                0x00000000000061a6                __swsetup_r
 .text.__sflush_r
                0x00000000000062a2      0x130 e:/mounriver/mounriver_studio2/resources/app/resources/win32/components/wch/toolchain/risc-v embedded gcc/bin/../lib/gcc/riscv-none-embed/8.2.0/../../../../riscv-none-embed/lib/rv32imacxw/ilp32\libg_nano.a(lib_a-fflush.o)
                0x00000000000062a2                __sflush_r
 .text._fflush_r
                0x00000000000063d2       0x66 e:/mounriver/mounriver_studio2/resources/app/resources/win32/components/wch/toolchain/risc-v embedded gcc/bin/../lib/gcc/riscv-none-embed/8.2.0/../../../../riscv-none-embed/lib/rv32imacxw/ilp32\libg_nano.a(lib_a-fflush.o)
                0x00000000000063d2                _fflush_r
 .text.std      0x0000000000006438       0x66 e:/mounriver/mounriver_studio2/resources/app/resources/win32/components/wch/toolchain/risc-v embedded gcc/bin/../lib/gcc/riscv-none-embed/8.2.0/../../../../riscv-none-embed/lib/rv32imacxw/ilp32\libg_nano.a(lib_a-findfp.o)
 .text._cleanup_r
                0x000000000000649e        0xa e:/mounriver/mounriver_studio2/resources/app/resources/win32/components/wch/toolchain/risc-v embedded gcc/bin/../lib/gcc/riscv-none-embed/8.2.0/../../../../riscv-none-embed/lib/rv32imacxw/ilp32\libg_nano.a(lib_a-findfp.o)
                0x000000000000649e                _cleanup_r
 .text.__sfmoreglue
                0x00000000000064a8       0x46 e:/mounriver/mounriver_studio2/resources/app/resources/win32/components/wch/toolchain/risc-v embedded gcc/bin/../lib/gcc/riscv-none-embed/8.2.0/../../../../riscv-none-embed/lib/rv32imacxw/ilp32\libg_nano.a(lib_a-findfp.o)
                0x00000000000064a8                __sfmoreglue
 .text.__sinit  0x00000000000064ee       0x6c e:/mounriver/mounriver_studio2/resources/app/resources/win32/components/wch/toolchain/risc-v embedded gcc/bin/../lib/gcc/riscv-none-embed/8.2.0/../../../../riscv-none-embed/lib/rv32imacxw/ilp32\libg_nano.a(lib_a-findfp.o)
                0x00000000000064ee                __sinit
 .text.__sfp    0x000000000000655a       0xa0 e:/mounriver/mounriver_studio2/resources/app/resources/win32/components/wch/toolchain/risc-v embedded gcc/bin/../lib/gcc/riscv-none-embed/8.2.0/../../../../riscv-none-embed/lib/rv32imacxw/ilp32\libg_nano.a(lib_a-findfp.o)
                0x000000000000655a                __sfp
 .text._fwalk_reent
                0x00000000000065fa       0x6a e:/mounriver/mounriver_studio2/resources/app/resources/win32/components/wch/toolchain/risc-v embedded gcc/bin/../lib/gcc/riscv-none-embed/8.2.0/../../../../riscv-none-embed/lib/rv32imacxw/ilp32\libg_nano.a(lib_a-fwalk.o)
                0x00000000000065fa                _fwalk_reent
 .text.__swhatbuf_r
                0x0000000000006664       0x58 e:/mounriver/mounriver_studio2/resources/app/resources/win32/components/wch/toolchain/risc-v embedded gcc/bin/../lib/gcc/riscv-none-embed/8.2.0/../../../../riscv-none-embed/lib/rv32imacxw/ilp32\libg_nano.a(lib_a-makebuf.o)
                0x0000000000006664                __swhatbuf_r
 .text.__smakebuf_r
                0x00000000000066bc       0x92 e:/mounriver/mounriver_studio2/resources/app/resources/win32/components/wch/toolchain/risc-v embedded gcc/bin/../lib/gcc/riscv-none-embed/8.2.0/../../../../riscv-none-embed/lib/rv32imacxw/ilp32\libg_nano.a(lib_a-makebuf.o)
                0x00000000000066bc                __smakebuf_r
 .text._free_r  0x000000000000674e       0xa8 e:/mounriver/mounriver_studio2/resources/app/resources/win32/components/wch/toolchain/risc-v embedded gcc/bin/../lib/gcc/riscv-none-embed/8.2.0/../../../../riscv-none-embed/lib/rv32imacxw/ilp32\libg_nano.a(lib_a-nano-freer.o)
                0x000000000000674e                _free_r
 .text._malloc_r
                0x00000000000067f6       0xda e:/mounriver/mounriver_studio2/resources/app/resources/win32/components/wch/toolchain/risc-v embedded gcc/bin/../lib/gcc/riscv-none-embed/8.2.0/../../../../riscv-none-embed/lib/rv32imacxw/ilp32\libg_nano.a(lib_a-nano-mallocr.o)
                0x00000000000067f6                _malloc_r
 .text.__ssputs_r
                0x00000000000068d0       0xe4 e:/mounriver/mounriver_studio2/resources/app/resources/win32/components/wch/toolchain/risc-v embedded gcc/bin/../lib/gcc/riscv-none-embed/8.2.0/../../../../riscv-none-embed/lib/rv32imacxw/ilp32\libg_nano.a(lib_a-nano-svfprintf.o)
                0x00000000000068d0                __ssputs_r
 .text._svfprintf_r
                0x00000000000069b4      0x26a e:/mounriver/mounriver_studio2/resources/app/resources/win32/components/wch/toolchain/risc-v embedded gcc/bin/../lib/gcc/riscv-none-embed/8.2.0/../../../../riscv-none-embed/lib/rv32imacxw/ilp32\libg_nano.a(lib_a-nano-svfprintf.o)
                0x00000000000069b4                _svfiprintf_r
                0x00000000000069b4                _svfprintf_r
 .text.__sfputc_r
                0x0000000000006c1e       0x28 e:/mounriver/mounriver_studio2/resources/app/resources/win32/components/wch/toolchain/risc-v embedded gcc/bin/../lib/gcc/riscv-none-embed/8.2.0/../../../../riscv-none-embed/lib/rv32imacxw/ilp32\libg_nano.a(lib_a-nano-vfprintf.o)
 .text.__sfputs_r
                0x0000000000006c46       0x42 e:/mounriver/mounriver_studio2/resources/app/resources/win32/components/wch/toolchain/risc-v embedded gcc/bin/../lib/gcc/riscv-none-embed/8.2.0/../../../../riscv-none-embed/lib/rv32imacxw/ilp32\libg_nano.a(lib_a-nano-vfprintf.o)
                0x0000000000006c46                __sfputs_r
 .text._vfprintf_r
                0x0000000000006c88      0x288 e:/mounriver/mounriver_studio2/resources/app/resources/win32/components/wch/toolchain/risc-v embedded gcc/bin/../lib/gcc/riscv-none-embed/8.2.0/../../../../riscv-none-embed/lib/rv32imacxw/ilp32\libg_nano.a(lib_a-nano-vfprintf.o)
                0x0000000000006c88                _vfprintf_r
                0x0000000000006c88                _vfiprintf_r
 .text._printf_common
                0x0000000000006f10      0x10c e:/mounriver/mounriver_studio2/resources/app/resources/win32/components/wch/toolchain/risc-v embedded gcc/bin/../lib/gcc/riscv-none-embed/8.2.0/../../../../riscv-none-embed/lib/rv32imacxw/ilp32\libg_nano.a(lib_a-nano-vfprintf_i.o)
                0x0000000000006f10                _printf_common
 .text._printf_i
                0x000000000000701c      0x2a2 e:/mounriver/mounriver_studio2/resources/app/resources/win32/components/wch/toolchain/risc-v embedded gcc/bin/../lib/gcc/riscv-none-embed/8.2.0/../../../../riscv-none-embed/lib/rv32imacxw/ilp32\libg_nano.a(lib_a-nano-vfprintf_i.o)
                0x000000000000701c                _printf_i
 .text._sbrk_r  0x00000000000072be       0x2a e:/mounriver/mounriver_studio2/resources/app/resources/win32/components/wch/toolchain/risc-v embedded gcc/bin/../lib/gcc/riscv-none-embed/8.2.0/../../../../riscv-none-embed/lib/rv32imacxw/ilp32\libg_nano.a(lib_a-sbrkr.o)
                0x00000000000072be                _sbrk_r
 .text.__sread  0x00000000000072e8       0x2c e:/mounriver/mounriver_studio2/resources/app/resources/win32/components/wch/toolchain/risc-v embedded gcc/bin/../lib/gcc/riscv-none-embed/8.2.0/../../../../riscv-none-embed/lib/rv32imacxw/ilp32\libg_nano.a(lib_a-stdio.o)
                0x00000000000072e8                __sread
 .text.__swrite
                0x0000000000007314       0x48 e:/mounriver/mounriver_studio2/resources/app/resources/win32/components/wch/toolchain/risc-v embedded gcc/bin/../lib/gcc/riscv-none-embed/8.2.0/../../../../riscv-none-embed/lib/rv32imacxw/ilp32\libg_nano.a(lib_a-stdio.o)
                0x0000000000007314                __swrite
 .text.__sseek  0x000000000000735c       0x30 e:/mounriver/mounriver_studio2/resources/app/resources/win32/components/wch/toolchain/risc-v embedded gcc/bin/../lib/gcc/riscv-none-embed/8.2.0/../../../../riscv-none-embed/lib/rv32imacxw/ilp32\libg_nano.a(lib_a-stdio.o)
                0x000000000000735c                __sseek
 .text.__sclose
                0x000000000000738c        0x6 e:/mounriver/mounriver_studio2/resources/app/resources/win32/components/wch/toolchain/risc-v embedded gcc/bin/../lib/gcc/riscv-none-embed/8.2.0/../../../../riscv-none-embed/lib/rv32imacxw/ilp32\libg_nano.a(lib_a-stdio.o)
                0x000000000000738c                __sclose
 .text._write_r
                0x0000000000007392       0x2e e:/mounriver/mounriver_studio2/resources/app/resources/win32/components/wch/toolchain/risc-v embedded gcc/bin/../lib/gcc/riscv-none-embed/8.2.0/../../../../riscv-none-embed/lib/rv32imacxw/ilp32\libg_nano.a(lib_a-writer.o)
                0x0000000000007392                _write_r
 .text._close_r
                0x00000000000073c0       0x28 e:/mounriver/mounriver_studio2/resources/app/resources/win32/components/wch/toolchain/risc-v embedded gcc/bin/../lib/gcc/riscv-none-embed/8.2.0/../../../../riscv-none-embed/lib/rv32imacxw/ilp32\libg_nano.a(lib_a-closer.o)
                0x00000000000073c0                _close_r
 .text._fstat_r
                0x00000000000073e8       0x2a e:/mounriver/mounriver_studio2/resources/app/resources/win32/components/wch/toolchain/risc-v embedded gcc/bin/../lib/gcc/riscv-none-embed/8.2.0/../../../../riscv-none-embed/lib/rv32imacxw/ilp32\libg_nano.a(lib_a-fstatr.o)
                0x00000000000073e8                _fstat_r
 .text._isatty_r
                0x0000000000007412       0x28 e:/mounriver/mounriver_studio2/resources/app/resources/win32/components/wch/toolchain/risc-v embedded gcc/bin/../lib/gcc/riscv-none-embed/8.2.0/../../../../riscv-none-embed/lib/rv32imacxw/ilp32\libg_nano.a(lib_a-isattyr.o)
                0x0000000000007412                _isatty_r
 .text._lseek_r
                0x000000000000743a       0x2c e:/mounriver/mounriver_studio2/resources/app/resources/win32/components/wch/toolchain/risc-v embedded gcc/bin/../lib/gcc/riscv-none-embed/8.2.0/../../../../riscv-none-embed/lib/rv32imacxw/ilp32\libg_nano.a(lib_a-lseekr.o)
                0x000000000000743a                _lseek_r
 .text.memchr   0x0000000000007466       0x18 e:/mounriver/mounriver_studio2/resources/app/resources/win32/components/wch/toolchain/risc-v embedded gcc/bin/../lib/gcc/riscv-none-embed/8.2.0/../../../../riscv-none-embed/lib/rv32imacxw/ilp32\libg_nano.a(lib_a-memchr.o)
                0x0000000000007466                memchr
 .text.memmove  0x000000000000747e       0x46 e:/mounriver/mounriver_studio2/resources/app/resources/win32/components/wch/toolchain/risc-v embedded gcc/bin/../lib/gcc/riscv-none-embed/8.2.0/../../../../riscv-none-embed/lib/rv32imacxw/ilp32\libg_nano.a(lib_a-memmove.o)
                0x000000000000747e                memmove
 .text.__malloc_lock
                0x00000000000074c4        0x2 e:/mounriver/mounriver_studio2/resources/app/resources/win32/components/wch/toolchain/risc-v embedded gcc/bin/../lib/gcc/riscv-none-embed/8.2.0/../../../../riscv-none-embed/lib/rv32imacxw/ilp32\libg_nano.a(lib_a-mlock.o)
                0x00000000000074c4                __malloc_lock
 .text.__malloc_unlock
                0x00000000000074c6        0x2 e:/mounriver/mounriver_studio2/resources/app/resources/win32/components/wch/toolchain/risc-v embedded gcc/bin/../lib/gcc/riscv-none-embed/8.2.0/../../../../riscv-none-embed/lib/rv32imacxw/ilp32\libg_nano.a(lib_a-mlock.o)
                0x00000000000074c6                __malloc_unlock
 .text._realloc_r
                0x00000000000074c8       0x58 e:/mounriver/mounriver_studio2/resources/app/resources/win32/components/wch/toolchain/risc-v embedded gcc/bin/../lib/gcc/riscv-none-embed/8.2.0/../../../../riscv-none-embed/lib/rv32imacxw/ilp32\libg_nano.a(lib_a-nano-reallocr.o)
                0x00000000000074c8                _realloc_r
 .text._read_r  0x0000000000007520       0x2c e:/mounriver/mounriver_studio2/resources/app/resources/win32/components/wch/toolchain/risc-v embedded gcc/bin/../lib/gcc/riscv-none-embed/8.2.0/../../../../riscv-none-embed/lib/rv32imacxw/ilp32\libg_nano.a(lib_a-readr.o)
                0x0000000000007520                _read_r
 .text._malloc_usable_size_r
                0x000000000000754c       0x14 e:/mounriver/mounriver_studio2/resources/app/resources/win32/components/wch/toolchain/risc-v embedded gcc/bin/../lib/gcc/riscv-none-embed/8.2.0/../../../../riscv-none-embed/lib/rv32imacxw/ilp32\libg_nano.a(lib_a-nano-msizer.o)
                0x000000000000754c                _malloc_usable_size_r
 .text._close   0x0000000000007560        0xc e:/mounriver/mounriver_studio2/resources/app/resources/win32/components/wch/toolchain/risc-v embedded gcc/bin/../lib/gcc/riscv-none-embed/8.2.0/../../../../riscv-none-embed/lib/rv32imacxw/ilp32\libnosys.a(close.o)
                0x0000000000007560                _close
 .text._fstat   0x000000000000756c        0xc e:/mounriver/mounriver_studio2/resources/app/resources/win32/components/wch/toolchain/risc-v embedded gcc/bin/../lib/gcc/riscv-none-embed/8.2.0/../../../../riscv-none-embed/lib/rv32imacxw/ilp32\libnosys.a(fstat.o)
                0x000000000000756c                _fstat
 .text._isatty  0x0000000000007578        0xc e:/mounriver/mounriver_studio2/resources/app/resources/win32/components/wch/toolchain/risc-v embedded gcc/bin/../lib/gcc/riscv-none-embed/8.2.0/../../../../riscv-none-embed/lib/rv32imacxw/ilp32\libnosys.a(isatty.o)
                0x0000000000007578                _isatty
 .text._lseek   0x0000000000007584        0xc e:/mounriver/mounriver_studio2/resources/app/resources/win32/components/wch/toolchain/risc-v embedded gcc/bin/../lib/gcc/riscv-none-embed/8.2.0/../../../../riscv-none-embed/lib/rv32imacxw/ilp32\libnosys.a(lseek.o)
                0x0000000000007584                _lseek
 .text._read    0x0000000000007590        0xc e:/mounriver/mounriver_studio2/resources/app/resources/win32/components/wch/toolchain/risc-v embedded gcc/bin/../lib/gcc/riscv-none-embed/8.2.0/../../../../riscv-none-embed/lib/rv32imacxw/ilp32\libnosys.a(read.o)
                0x0000000000007590                _read
 *(.rodata)
 *fill*         0x000000000000759c        0x0 
 .rodata        0x000000000000759c       0x2f ./Driver/mpu6050/inv_mpu_dmp_motion_driver.o
 *(.rodata*)
 *fill*         0x00000000000075cb        0x1 
 .rodata.main.str1.4
                0x00000000000075cc       0x18 ./User/main.o
 .rodata.hw     0x00000000000075e4        0xc ./Driver/mpu6050/inv_mpu.o
                0x00000000000075e4                hw
 .rodata.mpu_init.str1.4
                0x00000000000075f0       0x91 ./Driver/mpu6050/inv_mpu.o
 *fill*         0x0000000000007681        0x3 
 .rodata.reg    0x0000000000007684       0x1e ./Driver/mpu6050/inv_mpu.o
                0x0000000000007684                reg
 *fill*         0x00000000000076a2        0x2 
 .rodata.test   0x00000000000076a4       0x28 ./Driver/mpu6050/inv_mpu.o
                0x00000000000076a4                test
 .rodata.dmp_memory
                0x00000000000076cc      0xbf6 ./Driver/mpu6050/inv_mpu_dmp_motion_driver.o
 *fill*         0x00000000000082c2        0x2 
 .rodata.dmp_set_tap_thresh.cst4
                0x00000000000082c4       0x24 ./Driver/mpu6050/inv_mpu_dmp_motion_driver.o
 .rodata.dmp_getwalk.cst4
                0x00000000000082e8        0x4 ./Driver/mpu6050/mpu6050.o
 .rodata.dmp_getwalk.str1.4
                0x00000000000082ec       0x19 ./Driver/mpu6050/mpu6050.o
 *fill*         0x0000000000008305        0x3 
 .rodata.mpu6050_task.cst4
                0x0000000000008308        0x4 ./Driver/mpu6050/mpu6050.o
 .rodata.mpu6050_task.str1.4
                0x000000000000830c       0x5f ./Driver/mpu6050/mpu6050.o
 *fill*         0x000000000000836b        0x1 
 .rodata.MPU6050_DMP_Get_Data.cst4
                0x000000000000836c        0xc ./Driver/mpu6050/mpu6050_DMP.o
 .rodata.MPU6050_DMP_Get_Data.cst8
                0x0000000000008378        0x8 ./Driver/mpu6050/mpu6050_DMP.o
 .rodata.MPU6050_DMP_init.str1.4
                0x0000000000008380       0xf4 ./Driver/mpu6050/mpu6050_DMP.o
 *fill*         0x0000000000008474        0x4 
 .rodata.asin.cst8
                0x0000000000008478        0x8 e:/mounriver/mounriver_studio2/resources/app/resources/win32/components/wch/toolchain/risc-v embedded gcc/bin/../lib/gcc/riscv-none-embed/8.2.0/../../../../riscv-none-embed/lib/rv32imacxw/ilp32\libm.a(lib_a-w_asin.o)
 .rodata.asin.str1.4
                0x0000000000008480        0x5 e:/mounriver/mounriver_studio2/resources/app/resources/win32/components/wch/toolchain/risc-v embedded gcc/bin/../lib/gcc/riscv-none-embed/8.2.0/../../../../riscv-none-embed/lib/rv32imacxw/ilp32\libm.a(lib_a-w_asin.o)
                                          0x9 (size before relaxing)
 *fill*         0x0000000000008485        0x3 
 .rodata.__ieee754_asin.cst8
                0x0000000000008488       0x78 e:/mounriver/mounriver_studio2/resources/app/resources/win32/components/wch/toolchain/risc-v embedded gcc/bin/../lib/gcc/riscv-none-embed/8.2.0/../../../../riscv-none-embed/lib/rv32imacxw/ilp32\libm.a(lib_a-e_asin.o)
                                         0x80 (size before relaxing)
 .rodata.__ieee754_atan2.cst8
                0x0000000000008500       0x40 e:/mounriver/mounriver_studio2/resources/app/resources/win32/components/wch/toolchain/risc-v embedded gcc/bin/../lib/gcc/riscv-none-embed/8.2.0/../../../../riscv-none-embed/lib/rv32imacxw/ilp32\libm.a(lib_a-e_atan2.o)
                                         0x50 (size before relaxing)
 .rodata.atan.cst8
                0x0000000000008540       0x70 e:/mounriver/mounriver_studio2/resources/app/resources/win32/components/wch/toolchain/risc-v embedded gcc/bin/../lib/gcc/riscv-none-embed/8.2.0/../../../../riscv-none-embed/lib/rv32imacxw/ilp32\libm.a(lib_a-s_atan.o)
                                         0x90 (size before relaxing)
 .rodata.atanhi
                0x00000000000085b0       0x20 e:/mounriver/mounriver_studio2/resources/app/resources/win32/components/wch/toolchain/risc-v embedded gcc/bin/../lib/gcc/riscv-none-embed/8.2.0/../../../../riscv-none-embed/lib/rv32imacxw/ilp32\libm.a(lib_a-s_atan.o)
 .rodata.atanlo
                0x00000000000085d0       0x20 e:/mounriver/mounriver_studio2/resources/app/resources/win32/components/wch/toolchain/risc-v embedded gcc/bin/../lib/gcc/riscv-none-embed/8.2.0/../../../../riscv-none-embed/lib/rv32imacxw/ilp32\libm.a(lib_a-s_atan.o)
 .rodata.nan.cst8
                0x00000000000085f0        0x8 e:/mounriver/mounriver_studio2/resources/app/resources/win32/components/wch/toolchain/risc-v embedded gcc/bin/../lib/gcc/riscv-none-embed/8.2.0/../../../../riscv-none-embed/lib/rv32imacxw/ilp32\libm.a(lib_a-s_nan.o)
 .rodata.__divdf3
                0x00000000000085f8       0x40 e:/mounriver/mounriver_studio2/resources/app/resources/win32/components/wch/toolchain/risc-v embedded gcc/bin/../lib/gcc/riscv-none-embed/8.2.0/rv32imacxw/ilp32\libgcc.a(divdf3.o)
 .rodata.__muldf3
                0x0000000000008638       0x40 e:/mounriver/mounriver_studio2/resources/app/resources/win32/components/wch/toolchain/risc-v embedded gcc/bin/../lib/gcc/riscv-none-embed/8.2.0/rv32imacxw/ilp32\libgcc.a(muldf3.o)
 .rodata.__divsf3
                0x0000000000008678       0x80 e:/mounriver/mounriver_studio2/resources/app/resources/win32/components/wch/toolchain/risc-v embedded gcc/bin/../lib/gcc/riscv-none-embed/8.2.0/rv32imacxw/ilp32\libgcc.a(divsf3.o)
 .rodata.__mulsf3
                0x00000000000086f8       0x40 e:/mounriver/mounriver_studio2/resources/app/resources/win32/components/wch/toolchain/risc-v embedded gcc/bin/../lib/gcc/riscv-none-embed/8.2.0/rv32imacxw/ilp32\libgcc.a(mulsf3.o)
 .rodata.__clz_tab
                0x0000000000008738      0x100 e:/mounriver/mounriver_studio2/resources/app/resources/win32/components/wch/toolchain/risc-v embedded gcc/bin/../lib/gcc/riscv-none-embed/8.2.0/rv32imacxw/ilp32\libgcc.a(_clz.o)
                0x0000000000008738                __clz_tab
 .rodata.__sf_fake_stderr
                0x0000000000008838       0x20 e:/mounriver/mounriver_studio2/resources/app/resources/win32/components/wch/toolchain/risc-v embedded gcc/bin/../lib/gcc/riscv-none-embed/8.2.0/../../../../riscv-none-embed/lib/rv32imacxw/ilp32\libg_nano.a(lib_a-findfp.o)
                0x0000000000008838                __sf_fake_stderr
 .rodata.__sf_fake_stdin
                0x0000000000008858       0x20 e:/mounriver/mounriver_studio2/resources/app/resources/win32/components/wch/toolchain/risc-v embedded gcc/bin/../lib/gcc/riscv-none-embed/8.2.0/../../../../riscv-none-embed/lib/rv32imacxw/ilp32\libg_nano.a(lib_a-findfp.o)
                0x0000000000008858                __sf_fake_stdin
 .rodata.__sf_fake_stdout
                0x0000000000008878       0x20 e:/mounriver/mounriver_studio2/resources/app/resources/win32/components/wch/toolchain/risc-v embedded gcc/bin/../lib/gcc/riscv-none-embed/8.2.0/../../../../riscv-none-embed/lib/rv32imacxw/ilp32\libg_nano.a(lib_a-findfp.o)
                0x0000000000008878                __sf_fake_stdout
 .rodata._svfprintf_r.str1.4
                0x0000000000008898       0x13 e:/mounriver/mounriver_studio2/resources/app/resources/win32/components/wch/toolchain/risc-v embedded gcc/bin/../lib/gcc/riscv-none-embed/8.2.0/../../../../riscv-none-embed/lib/rv32imacxw/ilp32\libg_nano.a(lib_a-nano-svfprintf.o)
 .rodata._vfprintf_r.str1.4
                0x00000000000088ab       0x13 e:/mounriver/mounriver_studio2/resources/app/resources/win32/components/wch/toolchain/risc-v embedded gcc/bin/../lib/gcc/riscv-none-embed/8.2.0/../../../../riscv-none-embed/lib/rv32imacxw/ilp32\libg_nano.a(lib_a-nano-vfprintf.o)
 *fill*         0x00000000000088ab        0x1 
 .rodata._printf_i.str1.4
                0x00000000000088ac       0x28 e:/mounriver/mounriver_studio2/resources/app/resources/win32/components/wch/toolchain/risc-v embedded gcc/bin/../lib/gcc/riscv-none-embed/8.2.0/../../../../riscv-none-embed/lib/rv32imacxw/ilp32\libg_nano.a(lib_a-nano-vfprintf_i.o)
                                         0x25 (size before relaxing)
 *(.gnu.linkonce.t.*)
                0x00000000000088d4                . = ALIGN (0x4)

.rela.dyn       0x00000000000088d4        0x0
 .rela.init     0x00000000000088d4        0x0 ./User/ch32v30x_it.o
 .rela.vector   0x00000000000088d4        0x0 ./User/ch32v30x_it.o
 .rela.text.handle_reset
                0x00000000000088d4        0x0 ./User/ch32v30x_it.o
 .rela.text._sbrk
                0x00000000000088d4        0x0 ./User/ch32v30x_it.o
 .rela.sdata.curbrk.5273
                0x00000000000088d4        0x0 ./User/ch32v30x_it.o
 .rela.text._svfprintf_r
                0x00000000000088d4        0x0 ./User/ch32v30x_it.o
 .rela.text._vfprintf_r
                0x00000000000088d4        0x0 ./User/ch32v30x_it.o
 .rela.text._sbrk_r
                0x00000000000088d4        0x0 ./User/ch32v30x_it.o
 .rela.text._write_r
                0x00000000000088d4        0x0 ./User/ch32v30x_it.o
 .rela.text._close_r
                0x00000000000088d4        0x0 ./User/ch32v30x_it.o
 .rela.text._fstat_r
                0x00000000000088d4        0x0 ./User/ch32v30x_it.o
 .rela.text._isatty_r
                0x00000000000088d4        0x0 ./User/ch32v30x_it.o
 .rela.text._lseek_r
                0x00000000000088d4        0x0 ./User/ch32v30x_it.o
 .rela.text._read_r
                0x00000000000088d4        0x0 ./User/ch32v30x_it.o
 .rela.text._close
                0x00000000000088d4        0x0 ./User/ch32v30x_it.o
 .rela.text._fstat
                0x00000000000088d4        0x0 ./User/ch32v30x_it.o
 .rela.text._isatty
                0x00000000000088d4        0x0 ./User/ch32v30x_it.o
 .rela.text._lseek
                0x00000000000088d4        0x0 ./User/ch32v30x_it.o
 .rela.text._read
                0x00000000000088d4        0x0 ./User/ch32v30x_it.o

.fini           0x00000000000088d4        0x0
 *(SORT_NONE(.fini))
                0x00000000000088d4                . = ALIGN (0x4)
                [!provide]                        PROVIDE (_etext = .)
                [!provide]                        PROVIDE (_eitcm = .)

.preinit_array  0x00000000000088d4        0x0
                [!provide]                        PROVIDE (__preinit_array_start = .)
 *(.preinit_array)
                [!provide]                        PROVIDE (__preinit_array_end = .)

.init_array     0x00000000000088d4        0x0
                [!provide]                        PROVIDE (__init_array_start = .)
 *(SORT_BY_INIT_PRIORITY(.init_array.*) SORT_BY_INIT_PRIORITY(.ctors.*))
 *(.init_array EXCLUDE_FILE(*crtend?.o *crtend.o *crtbegin?.o *crtbegin.o) .ctors)
                [!provide]                        PROVIDE (__init_array_end = .)

.fini_array     0x00000000000088d4        0x0
                [!provide]                        PROVIDE (__fini_array_start = .)
 *(SORT_BY_INIT_PRIORITY(.fini_array.*) SORT_BY_INIT_PRIORITY(.dtors.*))
 *(.fini_array EXCLUDE_FILE(*crtend?.o *crtend.o *crtbegin?.o *crtbegin.o) .dtors)
                [!provide]                        PROVIDE (__fini_array_end = .)

.ctors
 *crtbegin.o(.ctors)
 *crtbegin?.o(.ctors)
 *(EXCLUDE_FILE(*crtend?.o *crtend.o) .ctors)
 *(SORT_BY_NAME(.ctors.*))
 *(.ctors)

.dtors
 *crtbegin.o(.dtors)
 *crtbegin?.o(.dtors)
 *(EXCLUDE_FILE(*crtend?.o *crtend.o) .dtors)
 *(SORT_BY_NAME(.dtors.*))
 *(.dtors)

.dalign         0x0000000020000000        0x0 load address 0x00000000000088d4
                0x0000000020000000                . = ALIGN (0x4)
                0x0000000020000000                PROVIDE (_data_vma = .)

.dlalign        0x00000000000088d4        0x0
                0x00000000000088d4                . = ALIGN (0x4)
                0x00000000000088d4                PROVIDE (_data_lma = .)

.data           0x0000000020000000       0xf0 load address 0x00000000000088d4
 *(.gnu.linkonce.r.*)
 *(.data .data.*)
 .data.scheduler_task
                0x0000000020000000        0xc ./User/main.o
                0x0000000020000000                scheduler_task
 .data.AHBPrescTable
                0x000000002000000c       0x10 ./User/system_ch32v30x.o
                0x000000002000000c                AHBPrescTable
 .data.APBAHBPrescTable
                0x000000002000001c       0x10 ./Peripheral/src/ch32v30x_rcc.o
 .data.st       0x000000002000002c       0x2c ./Driver/mpu6050/inv_mpu.o
 .data.gyro_orientation
                0x0000000020000058        0x9 ./Driver/mpu6050/mpu6050_DMP.o
 *fill*         0x0000000020000061        0x3 
 .data.impure_data
                0x0000000020000064       0x60 e:/mounriver/mounriver_studio2/resources/app/resources/win32/components/wch/toolchain/risc-v embedded gcc/bin/../lib/gcc/riscv-none-embed/8.2.0/../../../../riscv-none-embed/lib/rv32imacxw/ilp32\libg_nano.a(lib_a-impure.o)
 *(.gnu.linkonce.d.*)
                0x00000000200000c8                . = ALIGN (0x8)
 *fill*         0x00000000200000c4        0x4 
                0x00000000200008c8                PROVIDE (__global_pointer$ = (. + 0x800))
 *(.sdata .sdata.*)
 .sdata.SystemCoreClock
                0x00000000200000c8        0x4 ./User/system_ch32v30x.o
                0x00000000200000c8                SystemCoreClock
 .sdata.ADCPrescTable
                0x00000000200000cc        0x4 ./Peripheral/src/ch32v30x_rcc.o
 .sdata.SCL_bit
                0x00000000200000d0        0x4 ./Driver/mpu6050/Soft_I2C.o
                0x00000000200000d0                SCL_bit
 .sdata.SDA_bit
                0x00000000200000d4        0x4 ./Driver/mpu6050/Soft_I2C.o
                0x00000000200000d4                SDA_bit
 .sdata.steplength
                0x00000000200000d8        0x4 ./Driver/mpu6050/mpu6050.o
                0x00000000200000d8                steplength
 .sdata.curbrk.5273
                0x00000000200000dc        0x4 ./Debug/debug.o
 .sdata.__fdlib_version
                0x00000000200000e0        0x4 e:/mounriver/mounriver_studio2/resources/app/resources/win32/components/wch/toolchain/risc-v embedded gcc/bin/../lib/gcc/riscv-none-embed/8.2.0/../../../../riscv-none-embed/lib/rv32imacxw/ilp32\libm.a(lib_a-s_lib_ver.o)
                0x00000000200000e0                __fdlib_version
 .sdata._impure_ptr
                0x00000000200000e4        0x4 e:/mounriver/mounriver_studio2/resources/app/resources/win32/components/wch/toolchain/risc-v embedded gcc/bin/../lib/gcc/riscv-none-embed/8.2.0/../../../../riscv-none-embed/lib/rv32imacxw/ilp32\libg_nano.a(lib_a-impure.o)
                0x00000000200000e4                _impure_ptr
 *(.sdata2.*)
 .sdata2._global_impure_ptr
                0x00000000200000e8        0x4 e:/mounriver/mounriver_studio2/resources/app/resources/win32/components/wch/toolchain/risc-v embedded gcc/bin/../lib/gcc/riscv-none-embed/8.2.0/../../../../riscv-none-embed/lib/rv32imacxw/ilp32\libg_nano.a(lib_a-impure.o)
                0x00000000200000e8                _global_impure_ptr
 *(.gnu.linkonce.s.*)
                0x00000000200000f0                . = ALIGN (0x8)
 *fill*         0x00000000200000ec        0x4 
 *(.srodata.cst16)
 *(.srodata.cst8)
 *(.srodata.cst4)
 *(.srodata.cst2)
 *(.srodata .srodata.*)
                0x00000000200000f0                . = ALIGN (0x4)
                0x00000000200000f0                PROVIDE (_edata = .)

.bss            0x00000000200000f0       0x40 load address 0x00000000000089c4
                0x00000000200000f0                . = ALIGN (0x4)
                0x00000000200000f0                PROVIDE (_sbss = .)
 *(.sbss*)
 .sbss.task_num
                0x00000000200000f0        0x1 ./User/main.o
                0x00000000200000f0                task_num
 *fill*         0x00000000200000f1        0x3 
 .sbss.uwtick   0x00000000200000f4        0x4 ./User/main.o
                0x00000000200000f4                uwtick
 .sbss.NVIC_Priority_Group
                0x00000000200000f8        0x4 ./Peripheral/src/ch32v30x_misc.o
                0x00000000200000f8                NVIC_Priority_Group
 .sbss.Distance
                0x00000000200000fc        0x4 ./Driver/mpu6050/mpu6050.o
                0x00000000200000fc                Distance
 .sbss.pitch    0x0000000020000100        0x4 ./Driver/mpu6050/mpu6050.o
                0x0000000020000100                pitch
 .sbss.roll     0x0000000020000104        0x4 ./Driver/mpu6050/mpu6050.o
                0x0000000020000104                roll
 .sbss.walk     0x0000000020000108        0x4 ./Driver/mpu6050/mpu6050.o
                0x0000000020000108                walk
 .sbss.yaw      0x000000002000010c        0x4 ./Driver/mpu6050/mpu6050.o
                0x000000002000010c                yaw
 .sbss.p_ms     0x0000000020000110        0x2 ./Debug/debug.o
 .sbss.p_us     0x0000000020000112        0x1 ./Debug/debug.o
 *fill*         0x0000000020000113        0x1 
 .sbss.__malloc_free_list
                0x0000000020000114        0x4 e:/mounriver/mounriver_studio2/resources/app/resources/win32/components/wch/toolchain/risc-v embedded gcc/bin/../lib/gcc/riscv-none-embed/8.2.0/../../../../riscv-none-embed/lib/rv32imacxw/ilp32\libg_nano.a(lib_a-nano-mallocr.o)
                0x0000000020000114                __malloc_free_list
 .sbss.__malloc_sbrk_start
                0x0000000020000118        0x4 e:/mounriver/mounriver_studio2/resources/app/resources/win32/components/wch/toolchain/risc-v embedded gcc/bin/../lib/gcc/riscv-none-embed/8.2.0/../../../../riscv-none-embed/lib/rv32imacxw/ilp32\libg_nano.a(lib_a-nano-mallocr.o)
                0x0000000020000118                __malloc_sbrk_start
 *(.gnu.linkonce.sb.*)
 *(.bss*)
 .bss.dmp       0x000000002000011c       0x10 ./Driver/mpu6050/inv_mpu_dmp_motion_driver.o
 *(.gnu.linkonce.b.*)
 *(COMMON*)
 COMMON         0x000000002000012c        0x4 e:/mounriver/mounriver_studio2/resources/app/resources/win32/components/wch/toolchain/risc-v embedded gcc/bin/../lib/gcc/riscv-none-embed/8.2.0/../../../../riscv-none-embed/lib/rv32imacxw/ilp32\libg_nano.a(lib_a-reent.o)
                0x000000002000012c                errno
                0x0000000020000130                . = ALIGN (0x4)
                0x0000000020000130                PROVIDE (_ebss = .)
                0x0000000020000130                PROVIDE (_end = _ebss)
                [!provide]                        PROVIDE (end = .)

.stack          0x0000000020007800      0x800
                0x0000000020007800                PROVIDE (_heap_end = .)
                0x0000000020007800                . = ALIGN (0x4)
                [!provide]                        PROVIDE (_susrstack = .)
                0x0000000020008000                . = (. + __stack_size)
 *fill*         0x0000000020007800      0x800 
                0x0000000020008000                PROVIDE (_eusrstack = .)
OUTPUT(CH32V307VCT6.elf elf32-littleriscv)

.debug_info     0x0000000000000000    0x13819
 .debug_info    0x0000000000000000      0xbc0 ./User/ch32v30x_it.o
 .debug_info    0x0000000000000bc0     0x11c3 ./User/main.o
 .debug_info    0x0000000000001d83      0xbb5 ./User/system_ch32v30x.o
 .debug_info    0x0000000000002938       0x22 ./Startup/startup_ch32v30x_D8C.o
 .debug_info    0x000000000000295a     0x12aa ./Peripheral/src/ch32v30x_gpio.o
 .debug_info    0x0000000000003c04      0xf5b ./Peripheral/src/ch32v30x_misc.o
 .debug_info    0x0000000000004b5f     0x158a ./Peripheral/src/ch32v30x_rcc.o
 .debug_info    0x00000000000060e9     0x2a3c ./Peripheral/src/ch32v30x_tim.o
 .debug_info    0x0000000000008b25     0x13cd ./Peripheral/src/ch32v30x_usart.o
 .debug_info    0x0000000000009ef2      0xe19 ./Driver/mpu6050/Soft_I2C.o
 .debug_info    0x000000000000ad0b     0x2ce3 ./Driver/mpu6050/inv_mpu.o
 .debug_info    0x000000000000d9ee     0x1bae ./Driver/mpu6050/inv_mpu_dmp_motion_driver.o
 .debug_info    0x000000000000f59c     0x124c ./Driver/mpu6050/mpu6050.o
 .debug_info    0x00000000000107e8     0x10e3 ./Driver/mpu6050/mpu6050_DMP.o
 .debug_info    0x00000000000118cb     0x1004 ./Driver/timer.o
 .debug_info    0x00000000000128cf      0xf4a ./Debug/debug.o

.debug_abbrev   0x0000000000000000     0x2f90
 .debug_abbrev  0x0000000000000000      0x22c ./User/ch32v30x_it.o
 .debug_abbrev  0x000000000000022c      0x370 ./User/main.o
 .debug_abbrev  0x000000000000059c      0x2c0 ./User/system_ch32v30x.o
 .debug_abbrev  0x000000000000085c       0x12 ./Startup/startup_ch32v30x_D8C.o
 .debug_abbrev  0x000000000000086e      0x31a ./Peripheral/src/ch32v30x_gpio.o
 .debug_abbrev  0x0000000000000b88      0x2da ./Peripheral/src/ch32v30x_misc.o
 .debug_abbrev  0x0000000000000e62      0x351 ./Peripheral/src/ch32v30x_rcc.o
 .debug_abbrev  0x00000000000011b3      0x3ee ./Peripheral/src/ch32v30x_tim.o
 .debug_abbrev  0x00000000000015a1      0x312 ./Peripheral/src/ch32v30x_usart.o
 .debug_abbrev  0x00000000000018b3      0x2e5 ./Driver/mpu6050/Soft_I2C.o
 .debug_abbrev  0x0000000000001b98      0x460 ./Driver/mpu6050/inv_mpu.o
 .debug_abbrev  0x0000000000001ff8      0x401 ./Driver/mpu6050/inv_mpu_dmp_motion_driver.o
 .debug_abbrev  0x00000000000023f9      0x2c7 ./Driver/mpu6050/mpu6050.o
 .debug_abbrev  0x00000000000026c0      0x346 ./Driver/mpu6050/mpu6050_DMP.o
 .debug_abbrev  0x0000000000002a06      0x295 ./Driver/timer.o
 .debug_abbrev  0x0000000000002c9b      0x2f5 ./Debug/debug.o

.debug_aranges  0x0000000000000000      0xad0
 .debug_aranges
                0x0000000000000000       0x28 ./User/ch32v30x_it.o
 .debug_aranges
                0x0000000000000028       0x48 ./User/main.o
 .debug_aranges
                0x0000000000000070       0x28 ./User/system_ch32v30x.o
 .debug_aranges
                0x0000000000000098       0x30 ./Startup/startup_ch32v30x_D8C.o
 .debug_aranges
                0x00000000000000c8       0xb0 ./Peripheral/src/ch32v30x_gpio.o
 .debug_aranges
                0x0000000000000178       0x28 ./Peripheral/src/ch32v30x_misc.o
 .debug_aranges
                0x00000000000001a0      0x1a8 ./Peripheral/src/ch32v30x_rcc.o
 .debug_aranges
                0x0000000000000348      0x2d0 ./Peripheral/src/ch32v30x_tim.o
 .debug_aranges
                0x0000000000000618       0xf0 ./Peripheral/src/ch32v30x_usart.o
 .debug_aranges
                0x0000000000000708       0x68 ./Driver/mpu6050/Soft_I2C.o
 .debug_aranges
                0x0000000000000770      0x168 ./Driver/mpu6050/inv_mpu.o
 .debug_aranges
                0x00000000000008d8       0xf8 ./Driver/mpu6050/inv_mpu_dmp_motion_driver.o
 .debug_aranges
                0x00000000000009d0       0x60 ./Driver/mpu6050/mpu6050.o
 .debug_aranges
                0x0000000000000a30       0x30 ./Driver/mpu6050/mpu6050_DMP.o
 .debug_aranges
                0x0000000000000a60       0x20 ./Driver/timer.o
 .debug_aranges
                0x0000000000000a80       0x50 ./Debug/debug.o

.debug_ranges   0x0000000000000000      0xba8
 .debug_ranges  0x0000000000000000       0x18 ./User/ch32v30x_it.o
 .debug_ranges  0x0000000000000018       0x70 ./User/main.o
 .debug_ranges  0x0000000000000088       0x38 ./User/system_ch32v30x.o
 .debug_ranges  0x00000000000000c0       0x28 ./Startup/startup_ch32v30x_D8C.o
 .debug_ranges  0x00000000000000e8       0xa0 ./Peripheral/src/ch32v30x_gpio.o
 .debug_ranges  0x0000000000000188       0x30 ./Peripheral/src/ch32v30x_misc.o
 .debug_ranges  0x00000000000001b8      0x198 ./Peripheral/src/ch32v30x_rcc.o
 .debug_ranges  0x0000000000000350      0x2c0 ./Peripheral/src/ch32v30x_tim.o
 .debug_ranges  0x0000000000000610       0xe0 ./Peripheral/src/ch32v30x_usart.o
 .debug_ranges  0x00000000000006f0       0x58 ./Driver/mpu6050/Soft_I2C.o
 .debug_ranges  0x0000000000000748      0x228 ./Driver/mpu6050/inv_mpu.o
 .debug_ranges  0x0000000000000970      0x118 ./Driver/mpu6050/inv_mpu_dmp_motion_driver.o
 .debug_ranges  0x0000000000000a88       0xb0 ./Driver/mpu6050/mpu6050.o
 .debug_ranges  0x0000000000000b38       0x20 ./Driver/mpu6050/mpu6050_DMP.o
 .debug_ranges  0x0000000000000b58       0x10 ./Driver/timer.o
 .debug_ranges  0x0000000000000b68       0x40 ./Debug/debug.o

.debug_line     0x0000000000000000    0x11ce6
 .debug_line    0x0000000000000000      0x344 ./User/ch32v30x_it.o
 .debug_line    0x0000000000000344      0x8fd ./User/main.o
 .debug_line    0x0000000000000c41      0x99a ./User/system_ch32v30x.o
 .debug_line    0x00000000000015db      0x122 ./Startup/startup_ch32v30x_D8C.o
 .debug_line    0x00000000000016fd     0x1303 ./Peripheral/src/ch32v30x_gpio.o
 .debug_line    0x0000000000002a00      0x481 ./Peripheral/src/ch32v30x_misc.o
 .debug_line    0x0000000000002e81     0x1a35 ./Peripheral/src/ch32v30x_rcc.o
 .debug_line    0x00000000000048b6     0x3185 ./Peripheral/src/ch32v30x_tim.o
 .debug_line    0x0000000000007a3b      0xfa2 ./Peripheral/src/ch32v30x_usart.o
 .debug_line    0x00000000000089dd      0x99f ./Driver/mpu6050/Soft_I2C.o
 .debug_line    0x000000000000937c     0x4558 ./Driver/mpu6050/inv_mpu.o
 .debug_line    0x000000000000d8d4     0x23de ./Driver/mpu6050/inv_mpu_dmp_motion_driver.o
 .debug_line    0x000000000000fcb2      0xa7f ./Driver/mpu6050/mpu6050.o
 .debug_line    0x0000000000010731      0x995 ./Driver/mpu6050/mpu6050_DMP.o
 .debug_line    0x00000000000110c6      0x435 ./Driver/timer.o
 .debug_line    0x00000000000114fb      0x7eb ./Debug/debug.o

.debug_str      0x0000000000000000     0x395e
 .debug_str     0x0000000000000000      0x606 ./User/ch32v30x_it.o
                                        0x69d (size before relaxing)
 .debug_str     0x0000000000000606      0x466 ./User/main.o
                                        0xa45 (size before relaxing)
 .debug_str     0x0000000000000a6c      0x109 ./User/system_ch32v30x.o
                                        0x702 (size before relaxing)
 .debug_str     0x0000000000000b75       0x2e ./Startup/startup_ch32v30x_D8C.o
                                         0x72 (size before relaxing)
 .debug_str     0x0000000000000ba3      0x27d ./Peripheral/src/ch32v30x_gpio.o
                                        0x9c8 (size before relaxing)
 .debug_str     0x0000000000000e20      0x63c ./Peripheral/src/ch32v30x_misc.o
                                        0xcd1 (size before relaxing)
 .debug_str     0x000000000000145c      0x5c2 ./Peripheral/src/ch32v30x_rcc.o
                                        0xcf7 (size before relaxing)
 .debug_str     0x0000000000001a1e      0xa82 ./Peripheral/src/ch32v30x_tim.o
                                       0x129e (size before relaxing)
 .debug_str     0x00000000000024a0      0x3f5 ./Peripheral/src/ch32v30x_usart.o
                                        0xb12 (size before relaxing)
 .debug_str     0x0000000000002895       0xf2 ./Driver/mpu6050/Soft_I2C.o
                                        0x730 (size before relaxing)
 .debug_str     0x0000000000002987      0x99d ./Driver/mpu6050/inv_mpu.o
                                       0x1062 (size before relaxing)
 .debug_str     0x0000000000003324      0x3f9 ./Driver/mpu6050/inv_mpu_dmp_motion_driver.o
                                        0xb3b (size before relaxing)
 .debug_str     0x000000000000371d      0x10f ./Driver/mpu6050/mpu6050.o
                                        0x7e1 (size before relaxing)
 .debug_str     0x000000000000382c       0x7c ./Driver/mpu6050/mpu6050_DMP.o
                                        0x7dc (size before relaxing)
 .debug_str     0x00000000000038a8       0x25 ./Driver/timer.o
                                        0xdd4 (size before relaxing)
 .debug_str     0x00000000000038cd       0x91 ./Debug/debug.o
                                        0x939 (size before relaxing)

.comment        0x0000000000000000       0x33
 .comment       0x0000000000000000       0x33 ./User/ch32v30x_it.o
                                         0x34 (size before relaxing)
 .comment       0x0000000000000033       0x34 ./User/main.o
 .comment       0x0000000000000033       0x34 ./User/system_ch32v30x.o
 .comment       0x0000000000000033       0x34 ./Peripheral/src/ch32v30x_gpio.o
 .comment       0x0000000000000033       0x34 ./Peripheral/src/ch32v30x_misc.o
 .comment       0x0000000000000033       0x34 ./Peripheral/src/ch32v30x_rcc.o
 .comment       0x0000000000000033       0x34 ./Peripheral/src/ch32v30x_tim.o
 .comment       0x0000000000000033       0x34 ./Peripheral/src/ch32v30x_usart.o
 .comment       0x0000000000000033       0x34 ./Driver/mpu6050/Soft_I2C.o
 .comment       0x0000000000000033       0x34 ./Driver/mpu6050/inv_mpu.o
 .comment       0x0000000000000033       0x34 ./Driver/mpu6050/inv_mpu_dmp_motion_driver.o
 .comment       0x0000000000000033       0x34 ./Driver/mpu6050/mpu6050.o
 .comment       0x0000000000000033       0x34 ./Driver/mpu6050/mpu6050_DMP.o
 .comment       0x0000000000000033       0x34 ./Driver/timer.o
 .comment       0x0000000000000033       0x34 ./Debug/debug.o

.debug_frame    0x0000000000000000     0x2d08
 .debug_frame   0x0000000000000000       0x30 ./User/ch32v30x_it.o
 .debug_frame   0x0000000000000030       0xd0 ./User/main.o
 .debug_frame   0x0000000000000100       0x3c ./User/system_ch32v30x.o
 .debug_frame   0x000000000000013c      0x174 ./Peripheral/src/ch32v30x_gpio.o
 .debug_frame   0x00000000000002b0       0x30 ./Peripheral/src/ch32v30x_misc.o
 .debug_frame   0x00000000000002e0      0x344 ./Peripheral/src/ch32v30x_rcc.o
 .debug_frame   0x0000000000000624      0x614 ./Peripheral/src/ch32v30x_tim.o
 .debug_frame   0x0000000000000c38      0x1e4 ./Peripheral/src/ch32v30x_usart.o
 .debug_frame   0x0000000000000e1c      0x164 ./Driver/mpu6050/Soft_I2C.o
 .debug_frame   0x0000000000000f80      0x5ec ./Driver/mpu6050/inv_mpu.o
 .debug_frame   0x000000000000156c      0x3d0 ./Driver/mpu6050/inv_mpu_dmp_motion_driver.o
 .debug_frame   0x000000000000193c      0x170 ./Driver/mpu6050/mpu6050.o
 .debug_frame   0x0000000000001aac       0x90 ./Driver/mpu6050/mpu6050_DMP.o
 .debug_frame   0x0000000000001b3c       0x38 ./Driver/timer.o
 .debug_frame   0x0000000000001b74       0xb8 ./Debug/debug.o
 .debug_frame   0x0000000000001c2c       0x44 e:/mounriver/mounriver_studio2/resources/app/resources/win32/components/wch/toolchain/risc-v embedded gcc/bin/../lib/gcc/riscv-none-embed/8.2.0/../../../../riscv-none-embed/lib/rv32imacxw/ilp32\libm.a(lib_a-w_asin.o)
 .debug_frame   0x0000000000001c70       0x20 e:/mounriver/mounriver_studio2/resources/app/resources/win32/components/wch/toolchain/risc-v embedded gcc/bin/../lib/gcc/riscv-none-embed/8.2.0/../../../../riscv-none-embed/lib/rv32imacxw/ilp32\libm.a(lib_a-w_atan2.o)
 .debug_frame   0x0000000000001c90       0x60 e:/mounriver/mounriver_studio2/resources/app/resources/win32/components/wch/toolchain/risc-v embedded gcc/bin/../lib/gcc/riscv-none-embed/8.2.0/../../../../riscv-none-embed/lib/rv32imacxw/ilp32\libm.a(lib_a-e_asin.o)
 .debug_frame   0x0000000000001cf0       0x48 e:/mounriver/mounriver_studio2/resources/app/resources/win32/components/wch/toolchain/risc-v embedded gcc/bin/../lib/gcc/riscv-none-embed/8.2.0/../../../../riscv-none-embed/lib/rv32imacxw/ilp32\libm.a(lib_a-e_atan2.o)
 .debug_frame   0x0000000000001d38       0x48 e:/mounriver/mounriver_studio2/resources/app/resources/win32/components/wch/toolchain/risc-v embedded gcc/bin/../lib/gcc/riscv-none-embed/8.2.0/../../../../riscv-none-embed/lib/rv32imacxw/ilp32\libm.a(lib_a-e_sqrt.o)
 .debug_frame   0x0000000000001d80       0x50 e:/mounriver/mounriver_studio2/resources/app/resources/win32/components/wch/toolchain/risc-v embedded gcc/bin/../lib/gcc/riscv-none-embed/8.2.0/../../../../riscv-none-embed/lib/rv32imacxw/ilp32\libm.a(lib_a-s_atan.o)
 .debug_frame   0x0000000000001dd0       0x20 e:/mounriver/mounriver_studio2/resources/app/resources/win32/components/wch/toolchain/risc-v embedded gcc/bin/../lib/gcc/riscv-none-embed/8.2.0/../../../../riscv-none-embed/lib/rv32imacxw/ilp32\libm.a(lib_a-s_fabs.o)
 .debug_frame   0x0000000000001df0       0x20 e:/mounriver/mounriver_studio2/resources/app/resources/win32/components/wch/toolchain/risc-v embedded gcc/bin/../lib/gcc/riscv-none-embed/8.2.0/../../../../riscv-none-embed/lib/rv32imacxw/ilp32\libm.a(lib_a-s_matherr.o)
 .debug_frame   0x0000000000001e10       0x20 e:/mounriver/mounriver_studio2/resources/app/resources/win32/components/wch/toolchain/risc-v embedded gcc/bin/../lib/gcc/riscv-none-embed/8.2.0/../../../../riscv-none-embed/lib/rv32imacxw/ilp32\libm.a(lib_a-s_nan.o)
 .debug_frame   0x0000000000001e30       0x44 e:/mounriver/mounriver_studio2/resources/app/resources/win32/components/wch/toolchain/risc-v embedded gcc/bin/../lib/gcc/riscv-none-embed/8.2.0/rv32imacxw/ilp32\libgcc.a(adddf3.o)
 .debug_frame   0x0000000000001e74       0x50 e:/mounriver/mounriver_studio2/resources/app/resources/win32/components/wch/toolchain/risc-v embedded gcc/bin/../lib/gcc/riscv-none-embed/8.2.0/rv32imacxw/ilp32\libgcc.a(divdf3.o)
 .debug_frame   0x0000000000001ec4       0x20 e:/mounriver/mounriver_studio2/resources/app/resources/win32/components/wch/toolchain/risc-v embedded gcc/bin/../lib/gcc/riscv-none-embed/8.2.0/rv32imacxw/ilp32\libgcc.a(gedf2.o)
 .debug_frame   0x0000000000001ee4       0x54 e:/mounriver/mounriver_studio2/resources/app/resources/win32/components/wch/toolchain/risc-v embedded gcc/bin/../lib/gcc/riscv-none-embed/8.2.0/rv32imacxw/ilp32\libgcc.a(muldf3.o)
 .debug_frame   0x0000000000001f38       0x44 e:/mounriver/mounriver_studio2/resources/app/resources/win32/components/wch/toolchain/risc-v embedded gcc/bin/../lib/gcc/riscv-none-embed/8.2.0/rv32imacxw/ilp32\libgcc.a(subdf3.o)
 .debug_frame   0x0000000000001f7c       0x20 e:/mounriver/mounriver_studio2/resources/app/resources/win32/components/wch/toolchain/risc-v embedded gcc/bin/../lib/gcc/riscv-none-embed/8.2.0/rv32imacxw/ilp32\libgcc.a(unorddf2.o)
 .debug_frame   0x0000000000001f9c       0x40 e:/mounriver/mounriver_studio2/resources/app/resources/win32/components/wch/toolchain/risc-v embedded gcc/bin/../lib/gcc/riscv-none-embed/8.2.0/rv32imacxw/ilp32\libgcc.a(addsf3.o)
 .debug_frame   0x0000000000001fdc       0x50 e:/mounriver/mounriver_studio2/resources/app/resources/win32/components/wch/toolchain/risc-v embedded gcc/bin/../lib/gcc/riscv-none-embed/8.2.0/rv32imacxw/ilp32\libgcc.a(divsf3.o)
 .debug_frame   0x000000000000202c       0x50 e:/mounriver/mounriver_studio2/resources/app/resources/win32/components/wch/toolchain/risc-v embedded gcc/bin/../lib/gcc/riscv-none-embed/8.2.0/rv32imacxw/ilp32\libgcc.a(mulsf3.o)
 .debug_frame   0x000000000000207c       0x3c e:/mounriver/mounriver_studio2/resources/app/resources/win32/components/wch/toolchain/risc-v embedded gcc/bin/../lib/gcc/riscv-none-embed/8.2.0/rv32imacxw/ilp32\libgcc.a(subsf3.o)
 .debug_frame   0x00000000000020b8       0x20 e:/mounriver/mounriver_studio2/resources/app/resources/win32/components/wch/toolchain/risc-v embedded gcc/bin/../lib/gcc/riscv-none-embed/8.2.0/rv32imacxw/ilp32\libgcc.a(fixsfsi.o)
 .debug_frame   0x00000000000020d8       0x20 e:/mounriver/mounriver_studio2/resources/app/resources/win32/components/wch/toolchain/risc-v embedded gcc/bin/../lib/gcc/riscv-none-embed/8.2.0/rv32imacxw/ilp32\libgcc.a(fixunssfsi.o)
 .debug_frame   0x00000000000020f8       0x38 e:/mounriver/mounriver_studio2/resources/app/resources/win32/components/wch/toolchain/risc-v embedded gcc/bin/../lib/gcc/riscv-none-embed/8.2.0/rv32imacxw/ilp32\libgcc.a(floatsisf.o)
 .debug_frame   0x0000000000002130       0x44 e:/mounriver/mounriver_studio2/resources/app/resources/win32/components/wch/toolchain/risc-v embedded gcc/bin/../lib/gcc/riscv-none-embed/8.2.0/rv32imacxw/ilp32\libgcc.a(floatunsisf.o)
 .debug_frame   0x0000000000002174       0x38 e:/mounriver/mounriver_studio2/resources/app/resources/win32/components/wch/toolchain/risc-v embedded gcc/bin/../lib/gcc/riscv-none-embed/8.2.0/rv32imacxw/ilp32\libgcc.a(extendsfdf2.o)
 .debug_frame   0x00000000000021ac       0x20 e:/mounriver/mounriver_studio2/resources/app/resources/win32/components/wch/toolchain/risc-v embedded gcc/bin/../lib/gcc/riscv-none-embed/8.2.0/rv32imacxw/ilp32\libgcc.a(truncdfsf2.o)
 .debug_frame   0x00000000000021cc       0x20 e:/mounriver/mounriver_studio2/resources/app/resources/win32/components/wch/toolchain/risc-v embedded gcc/bin/../lib/gcc/riscv-none-embed/8.2.0/rv32imacxw/ilp32\libgcc.a(_clzsi2.o)
 .debug_frame   0x00000000000021ec       0x20 e:/mounriver/mounriver_studio2/resources/app/resources/win32/components/wch/toolchain/risc-v embedded gcc/bin/../lib/gcc/riscv-none-embed/8.2.0/../../../../riscv-none-embed/lib/rv32imacxw/ilp32\libg_nano.a(lib_a-errno.o)
 .debug_frame   0x000000000000220c       0x20 e:/mounriver/mounriver_studio2/resources/app/resources/win32/components/wch/toolchain/risc-v embedded gcc/bin/../lib/gcc/riscv-none-embed/8.2.0/../../../../riscv-none-embed/lib/rv32imacxw/ilp32\libg_nano.a(lib_a-memcmp.o)
 .debug_frame   0x000000000000222c       0x20 e:/mounriver/mounriver_studio2/resources/app/resources/win32/components/wch/toolchain/risc-v embedded gcc/bin/../lib/gcc/riscv-none-embed/8.2.0/../../../../riscv-none-embed/lib/rv32imacxw/ilp32\libg_nano.a(lib_a-memcpy.o)
 .debug_frame   0x000000000000224c       0x54 e:/mounriver/mounriver_studio2/resources/app/resources/win32/components/wch/toolchain/risc-v embedded gcc/bin/../lib/gcc/riscv-none-embed/8.2.0/../../../../riscv-none-embed/lib/rv32imacxw/ilp32\libg_nano.a(lib_a-printf.o)
 .debug_frame   0x00000000000022a0       0x54 e:/mounriver/mounriver_studio2/resources/app/resources/win32/components/wch/toolchain/risc-v embedded gcc/bin/../lib/gcc/riscv-none-embed/8.2.0/../../../../riscv-none-embed/lib/rv32imacxw/ilp32\libg_nano.a(lib_a-puts.o)
 .debug_frame   0x00000000000022f4       0x48 e:/mounriver/mounriver_studio2/resources/app/resources/win32/components/wch/toolchain/risc-v embedded gcc/bin/../lib/gcc/riscv-none-embed/8.2.0/../../../../riscv-none-embed/lib/rv32imacxw/ilp32\libg_nano.a(lib_a-sprintf.o)
 .debug_frame   0x000000000000233c       0x50 e:/mounriver/mounriver_studio2/resources/app/resources/win32/components/wch/toolchain/risc-v embedded gcc/bin/../lib/gcc/riscv-none-embed/8.2.0/../../../../riscv-none-embed/lib/rv32imacxw/ilp32\libg_nano.a(lib_a-wbuf.o)
 .debug_frame   0x000000000000238c       0x3c e:/mounriver/mounriver_studio2/resources/app/resources/win32/components/wch/toolchain/risc-v embedded gcc/bin/../lib/gcc/riscv-none-embed/8.2.0/../../../../riscv-none-embed/lib/rv32imacxw/ilp32\libg_nano.a(lib_a-wsetup.o)
 .debug_frame   0x00000000000023c8       0x7c e:/mounriver/mounriver_studio2/resources/app/resources/win32/components/wch/toolchain/risc-v embedded gcc/bin/../lib/gcc/riscv-none-embed/8.2.0/../../../../riscv-none-embed/lib/rv32imacxw/ilp32\libg_nano.a(lib_a-fflush.o)
 .debug_frame   0x0000000000002444      0x148 e:/mounriver/mounriver_studio2/resources/app/resources/win32/components/wch/toolchain/risc-v embedded gcc/bin/../lib/gcc/riscv-none-embed/8.2.0/../../../../riscv-none-embed/lib/rv32imacxw/ilp32\libg_nano.a(lib_a-findfp.o)
 .debug_frame   0x000000000000258c       0x88 e:/mounriver/mounriver_studio2/resources/app/resources/win32/components/wch/toolchain/risc-v embedded gcc/bin/../lib/gcc/riscv-none-embed/8.2.0/../../../../riscv-none-embed/lib/rv32imacxw/ilp32\libg_nano.a(lib_a-fwalk.o)
 .debug_frame   0x0000000000002614       0x64 e:/mounriver/mounriver_studio2/resources/app/resources/win32/components/wch/toolchain/risc-v embedded gcc/bin/../lib/gcc/riscv-none-embed/8.2.0/../../../../riscv-none-embed/lib/rv32imacxw/ilp32\libg_nano.a(lib_a-makebuf.o)
 .debug_frame   0x0000000000002678       0x40 e:/mounriver/mounriver_studio2/resources/app/resources/win32/components/wch/toolchain/risc-v embedded gcc/bin/../lib/gcc/riscv-none-embed/8.2.0/../../../../riscv-none-embed/lib/rv32imacxw/ilp32\libg_nano.a(lib_a-nano-freer.o)
 .debug_frame   0x00000000000026b8       0x40 e:/mounriver/mounriver_studio2/resources/app/resources/win32/components/wch/toolchain/risc-v embedded gcc/bin/../lib/gcc/riscv-none-embed/8.2.0/../../../../riscv-none-embed/lib/rv32imacxw/ilp32\libg_nano.a(lib_a-nano-mallocr.o)
 .debug_frame   0x00000000000026f8       0xe0 e:/mounriver/mounriver_studio2/resources/app/resources/win32/components/wch/toolchain/risc-v embedded gcc/bin/../lib/gcc/riscv-none-embed/8.2.0/../../../../riscv-none-embed/lib/rv32imacxw/ilp32\libg_nano.a(lib_a-nano-svfprintf.o)
 .debug_frame   0x00000000000027d8       0xd0 e:/mounriver/mounriver_studio2/resources/app/resources/win32/components/wch/toolchain/risc-v embedded gcc/bin/../lib/gcc/riscv-none-embed/8.2.0/../../../../riscv-none-embed/lib/rv32imacxw/ilp32\libg_nano.a(lib_a-nano-vfprintf.o)
 .debug_frame   0x00000000000028a8       0x8c e:/mounriver/mounriver_studio2/resources/app/resources/win32/components/wch/toolchain/risc-v embedded gcc/bin/../lib/gcc/riscv-none-embed/8.2.0/../../../../riscv-none-embed/lib/rv32imacxw/ilp32\libg_nano.a(lib_a-nano-vfprintf_i.o)
 .debug_frame   0x0000000000002934       0x30 e:/mounriver/mounriver_studio2/resources/app/resources/win32/components/wch/toolchain/risc-v embedded gcc/bin/../lib/gcc/riscv-none-embed/8.2.0/../../../../riscv-none-embed/lib/rv32imacxw/ilp32\libg_nano.a(lib_a-sbrkr.o)
 .debug_frame   0x0000000000002964       0xa4 e:/mounriver/mounriver_studio2/resources/app/resources/win32/components/wch/toolchain/risc-v embedded gcc/bin/../lib/gcc/riscv-none-embed/8.2.0/../../../../riscv-none-embed/lib/rv32imacxw/ilp32\libg_nano.a(lib_a-stdio.o)
 .debug_frame   0x0000000000002a08       0x30 e:/mounriver/mounriver_studio2/resources/app/resources/win32/components/wch/toolchain/risc-v embedded gcc/bin/../lib/gcc/riscv-none-embed/8.2.0/../../../../riscv-none-embed/lib/rv32imacxw/ilp32\libg_nano.a(lib_a-writer.o)